Component: ARM Compiler 5.06 update 7 (build 960) Tool: armlink [4d3601]

==============================================================================

Section Cross References

    system_apm32f4xx.o(i.SystemCoreClockUpdate) refers to system_apm32f4xx.o(.data) for SystemCoreClock
    system_apm32f4xx.o(i.SystemCoreClockUpdate) refers to system_apm32f4xx.o(.constdata) for AHBPrescTable
    startup_apm32f402xx.o(RESET) refers to startup_apm32f402xx.o(STACK) for __initial_sp
    startup_apm32f402xx.o(RESET) refers to startup_apm32f402xx.o(.text) for Reset_Handler
    startup_apm32f402xx.o(RESET) refers to apm32f4xx_int.o(i.NMI_Handler) for NMI_Handler
    startup_apm32f402xx.o(RESET) refers to apm32f4xx_int.o(i.HardFault_Handler) for HardFault_Handler
    startup_apm32f402xx.o(RESET) refers to apm32f4xx_int.o(i.MemManage_Handler) for MemManage_Handler
    startup_apm32f402xx.o(RESET) refers to apm32f4xx_int.o(i.BusFault_Handler) for BusFault_Handler
    startup_apm32f402xx.o(RESET) refers to apm32f4xx_int.o(i.UsageFault_Handler) for UsageFault_Handler
    startup_apm32f402xx.o(RESET) refers to apm32f4xx_int.o(i.SVC_Handler) for SVC_Handler
    startup_apm32f402xx.o(RESET) refers to apm32f4xx_int.o(i.DebugMon_Handler) for DebugMon_Handler
    startup_apm32f402xx.o(RESET) refers to apm32f4xx_int.o(i.PendSV_Handler) for PendSV_Handler
    startup_apm32f402xx.o(RESET) refers to apm32f4xx_int.o(i.SysTick_Handler) for SysTick_Handler
    startup_apm32f402xx.o(RESET) refers to apm32f4xx_int.o(i.DMA1_Channel6_IRQHandler) for DMA1_Channel6_IRQHandler
    startup_apm32f402xx.o(RESET) refers to apm32f4xx_int.o(i.DMA1_Channel7_IRQHandler) for DMA1_Channel7_IRQHandler
    startup_apm32f402xx.o(RESET) refers to main.o(i.I2C1_EV_IRQHandler) for I2C1_EV_IRQHandler
    startup_apm32f402xx.o(RESET) refers to main.o(i.I2C1_ER_IRQHandler) for I2C1_ER_IRQHandler
    startup_apm32f402xx.o(RESET) refers to apm32f4xx_int.o(i.USART1_IRQHandler) for USART1_IRQHandler
    startup_apm32f402xx.o(RESET) refers to apm32f4xx_int.o(i.USART2_IRQHandler) for USART2_IRQHandler
    startup_apm32f402xx.o(.text) refers to system_apm32f4xx.o(i.SystemInit) for SystemInit
    startup_apm32f402xx.o(.text) refers to entry.o(.ARM.Collect$$$$00000000) for __main
    apm32f4xx_dal.o(i.DAL_DeInit) refers to apm32f4xx_dal.o(i.DAL_MspDeInit) for DAL_MspDeInit
    apm32f4xx_dal.o(i.DAL_Delay) refers to apm32f4xx_dal.o(i.DAL_GetTick) for DAL_GetTick
    apm32f4xx_dal.o(i.DAL_Delay) refers to apm32f4xx_dal.o(.data) for uwTickFreq
    apm32f4xx_dal.o(i.DAL_GetTick) refers to apm32f4xx_dal.o(.data) for uwTick
    apm32f4xx_dal.o(i.DAL_GetTickFreq) refers to apm32f4xx_dal.o(.data) for uwTickFreq
    apm32f4xx_dal.o(i.DAL_GetTickPrio) refers to apm32f4xx_dal.o(.data) for uwTickPrio
    apm32f4xx_dal.o(i.DAL_IncTick) refers to apm32f4xx_dal.o(.data) for uwTick
    apm32f4xx_dal.o(i.DAL_Init) refers to apm32f4xx_dal_cortex.o(i.DAL_NVIC_SetPriorityGrouping) for DAL_NVIC_SetPriorityGrouping
    apm32f4xx_dal.o(i.DAL_Init) refers to apm32f4xx_dal.o(i.DAL_InitTick) for DAL_InitTick
    apm32f4xx_dal.o(i.DAL_Init) refers to apm32f4xx_dal.o(i.DAL_MspInit) for DAL_MspInit
    apm32f4xx_dal.o(i.DAL_InitTick) refers to apm32f4xx_dal_cortex.o(i.DAL_SYSTICK_Config) for DAL_SYSTICK_Config
    apm32f4xx_dal.o(i.DAL_InitTick) refers to apm32f4xx_dal_cortex.o(i.DAL_NVIC_SetPriority) for DAL_NVIC_SetPriority
    apm32f4xx_dal.o(i.DAL_InitTick) refers to apm32f4xx_dal.o(.data) for uwTickFreq
    apm32f4xx_dal.o(i.DAL_InitTick) refers to system_apm32f4xx.o(.data) for SystemCoreClock
    apm32f4xx_dal.o(i.DAL_SetTickFreq) refers to apm32f4xx_dal.o(i.DAL_InitTick) for DAL_InitTick
    apm32f4xx_dal.o(i.DAL_SetTickFreq) refers to apm32f4xx_dal.o(.data) for uwTickFreq
    apm32f4xx_dal_cortex.o(i.DAL_NVIC_GetPriorityGrouping) refers to apm32f4xx_dal_cortex.o(i.__NVIC_GetPriorityGrouping) for __NVIC_GetPriorityGrouping
    apm32f4xx_dal_cortex.o(i.DAL_NVIC_SetPriority) refers to apm32f4xx_dal_cortex.o(i.__NVIC_GetPriorityGrouping) for __NVIC_GetPriorityGrouping
    apm32f4xx_dal_cortex.o(i.DAL_NVIC_SetPriority) refers to apm32f4xx_dal_cortex.o(i.__NVIC_SetPriority) for __NVIC_SetPriority
    apm32f4xx_dal_cortex.o(i.DAL_SYSTICK_Config) refers to apm32f4xx_dal_cortex.o(i.__NVIC_SetPriority) for __NVIC_SetPriority
    apm32f4xx_dal_cortex.o(i.DAL_SYSTICK_IRQHandler) refers to apm32f4xx_dal_cortex.o(i.DAL_SYSTICK_Callback) for DAL_SYSTICK_Callback
    apm32f4xx_dal_dma.o(i.DAL_DMA_Abort) refers to apm32f4xx_dal.o(i.DAL_GetTick) for DAL_GetTick
    apm32f4xx_dal_dma.o(i.DAL_DMA_IRQHandler) refers to system_apm32f4xx.o(.data) for SystemCoreClock
    apm32f4xx_dal_dma.o(i.DAL_DMA_Init) refers to apm32f4xx_dal.o(i.DAL_GetTick) for DAL_GetTick
    apm32f4xx_dal_dma.o(i.DAL_DMA_PollForTransfer) refers to apm32f4xx_dal.o(i.DAL_GetTick) for DAL_GetTick
    apm32f4xx_dal_dma.o(i.DAL_DMA_PollForTransfer) refers to apm32f4xx_dal_dma.o(i.DAL_DMA_Abort) for DAL_DMA_Abort
[...]
    Removing apm32f4xx_nvic_cfg.o(.rrx_text), (6 bytes).
    Removing apm32f4xx_usart_cfg.o(.rev16_text), (4 bytes).
    Removing apm32f4xx_usart_cfg.o(.revsh_text), (4 bytes).
    Removing apm32f4xx_usart_cfg.o(.rrx_text), (6 bytes).
    Removing apm32f4xx_usart_cfg.o(i.DAL_UART_MspDeInit), (132 bytes).
    Removing apm32f4xx_usart_cfg.o(i.DAL_UART_MspInit), (348 bytes).
    Removing apm32f4xx_usart_cfg.o(i.DAL_USART1_Config), (56 bytes).
    Removing apm32f4xx_usart_cfg.o(i.DAL_USART2_Config), (56 bytes).
    Removing apm32f4xx_usart_cfg.o(i.fputc), (28 bytes).
    Removing apm32f4xx_spi_cfg.o(.rev16_text), (4 bytes).
    Removing apm32f4xx_spi_cfg.o(.revsh_text), (4 bytes).
    Removing apm32f4xx_spi_cfg.o(.rrx_text), (6 bytes).
    Removing apm32f4xx_spi_cfg.o(i.DAL_SPI1_Reconfig_Mode), (144 bytes).
    Removing apm32f4xx_spi_cfg.o(i.DAL_SPI2_Reconfig_Mode), (144 bytes).
    Removing apm32f4xx_spi_cfg.o(i.DAL_SPI_MspDeInit), (108 bytes).
    Removing apm32f4xx_spi_cfg.o(i.SPI_CS_Deselect), (40 bytes).
    Removing apm32f4xx_spi_cfg.o(i.SPI_CS_DeselectAll), (20 bytes).
    Removing apm32f4xx_spi_cfg.o(i.SPI_CS_Select), (40 bytes).
    Removing apm32f4xx_spi_cfg.o(i.SPI_CheckClockEnabled), (60 bytes).
    Removing apm32f4xx_i2c_cfg.o(.rev16_text), (4 bytes).
    Removing apm32f4xx_i2c_cfg.o(.revsh_text), (4 bytes).
    Removing apm32f4xx_i2c_cfg.o(.rrx_text), (6 bytes).
    Removing apm32f4xx_i2c_cfg.o(i.DAL_I2C_MspDeInit), (48 bytes).
    Removing apm32f4xx_int.o(.rev16_text), (4 bytes).
    Removing apm32f4xx_int.o(.revsh_text), (4 bytes).
    Removing apm32f4xx_int.o(.rrx_text), (6 bytes).
    Removing main.o(.rev16_text), (4 bytes).
    Removing main.o(.revsh_text), (4 bytes).
    Removing main.o(.rrx_text), (6 bytes).
    Removing main.o(i.NSA2302_READ), (968 bytes).
    Removing main.o(i.Spi_ReadMultiReg), (140 bytes).
    Removing log.o(i.LOG_Print), (44 bytes).
    Removing log.o(i.LOG_SetCallback), (12 bytes).
    Removing log.o(.data), (4 bytes).
    Removing flash_read_write.o(.rev16_text), (4 bytes).
    Removing flash_read_write.o(.revsh_text), (4 bytes).
    Removing flash_read_write.o(.rrx_text), (6 bytes).
    Removing dadd.o(.text), (334 bytes).
    Removing dmul.o(.text), (228 bytes).
    Removing ddiv.o(.text), (222 bytes).
    Removing dfixul.o(.text), (48 bytes).
    Removing cdrcmple.o(.text), (48 bytes).
    Removing depilogue.o(.text), (186 bytes).

361 unused section(s) (total 34682 bytes) removed from the image.

==============================================================================

Image Symbol Table

    Local Symbols

    Symbol Name                              Value     Ov Type        Size  Object(Section)

    ../clib/../cmprslib/lz77c.c              0x00000000   Number         0  __dclz77c.o ABSOLUTE
    ../clib/microlib/division.c              0x00000000   Number         0  uidiv.o ABSOLUTE
    ../clib/microlib/division.c              0x00000000   Number         0  uldiv.o ABSOLUTE
    ../clib/microlib/errno.c                 0x00000000   Number         0  errno.o ABSOLUTE
    ../clib/microlib/init/entry.s            0x00000000   Number         0  entry9b.o ABSOLUTE
    ../clib/microlib/init/entry.s            0x00000000   Number         0  entry10a.o ABSOLUTE
    ../clib/microlib/init/entry.s            0x00000000   Number         0  entry10b.o ABSOLUTE
    ../clib/microlib/init/entry.s            0x00000000   Number         0  entry11a.o ABSOLUTE
    ../clib/microlib/init/entry.s            0x00000000   Number         0  entry11b.o ABSOLUTE
    ../clib/microlib/init/entry.s            0x00000000   Number         0  entry12a.o ABSOLUTE
    ../clib/microlib/init/entry.s            0x00000000   Number         0  entry12b.o ABSOLUTE
    ../clib/microlib/init/entry.s            0x00000000   Number         0  entry8b.o ABSOLUTE
    ../clib/microlib/init/entry.s            0x00000000   Number         0  entry.o ABSOLUTE
    ../clib/microlib/init/entry.s            0x00000000   Number         0  entry9a.o ABSOLUTE
    ../clib/microlib/init/entry.s            0x00000000   Number         0  entry5.o ABSOLUTE
    ../clib/microlib/init/entry.s            0x00000000   Number         0  entry2.o ABSOLUTE
    ../clib/microlib/init/entry.s            0x00000000   Number         0  entry7a.o ABSOLUTE
    ../clib/microlib/init/entry.s            0x00000000   Number         0  entry7b.o ABSOLUTE
    ../clib/microlib/init/entry.s            0x00000000   Number         0  entry8a.o ABSOLUTE
    ../clib/microlib/longlong.c              0x00000000   Number         0  llsshr.o ABSOLUTE
    ../clib/microlib/longlong.c              0x00000000   Number         0  llshl.o ABSOLUTE
    ../clib/microlib/longlong.c              0x00000000   Number         0  llushr.o ABSOLUTE
    ../clib/microlib/printf/printf.c         0x00000000   Number         0  printfa.o ABSOLUTE
    ../clib/microlib/stdio/fflush.c          0x00000000   Number         0  fflush.o ABSOLUTE
    ../clib/microlib/stdio/streams.c         0x00000000   Number         0  stdout.o ABSOLUTE
    ../clib/microlib/stdlib/abs.c            0x00000000   Number         0  siabs.o ABSOLUTE
    ../clib/microlib/stdlib/abs.c            0x00000000   Number         0  ilabs.o ABSOLUTE
    ../clib/microlib/string/memcpy.c         0x00000000   Number         0  memcpya.o ABSOLUTE
    ../clib/microlib/string/memcpy.c         0x00000000   Number         0  memcpyb.o ABSOLUTE
    ../clib/microlib/string/memset.c         0x00000000   Number         0  memseta.o ABSOLUTE
    ../clib/microlib/stubs.s                 0x00000000   Number         0  iusefp.o ABSOLUTE
    ../fplib/microlib/f2d.c                  0x00000000   Number         0  f2d.o ABSOLUTE
    ../fplib/microlib/fpadd.c                0x00000000   Number         0  dadd.o ABSOLUTE
    ../fplib/microlib/fpdiv.c                0x00000000   Number         0  ddiv.o ABSOLUTE
    ../fplib/microlib/fpepilogue.c           0x00000000   Number         0  depilogue.o ABSOLUTE
    ../fplib/microlib/fpfix.c                0x00000000   Number         0  dfixul.o ABSOLUTE
    ../fplib/microlib/fpmul.c                0x00000000   Number         0  dmul.o ABSOLUTE
    ../mathlib/sqrtf.c                       0x00000000   Number         0  sqrtf_x.o ABSOLUTE
    ../mathlib/sqrtf.c                       0x00000000   Number         0  sqrtf.o ABSOLUTE
    ..\..\..\..\..\..\Boards\Board_APM32F402_Tiny\Source\board_apm32f402_tiny.c 0x00000000   Number         0  board_apm32f402_tiny.o ABSOLUTE
    ..\..\..\..\..\..\Boards\Components\LOG\log.c 0x00000000   Number         0  log.o ABSOLUTE
    ..\..\..\..\..\..\Libraries\APM32F4xx_DAL_Driver\Source\apm32f4xx_dal.c 0x00000000   Number         0  apm32f4xx_dal.o ABSOLUTE
    ..\..\..\..\..\..\Libraries\APM32F4xx_DAL_Driver\Source\apm32f4xx_dal_cortex.c 0x00000000   Number         0  apm32f4xx_dal_cortex.o ABSOLUTE
    ..\..\..\..\..\..\Libraries\APM32F4xx_DAL_Driver\Source\apm32f4xx_dal_dma.c 0x00000000   Number         0  apm32f4xx_dal_dma.o ABSOLUTE
    ..\..\..\..\..\..\Libraries\APM32F4xx_DAL_Driver\Source\apm32f4xx_dal_dma_ex.c 0x00000000   Number         0  apm32f4xx_dal_dma_ex.o ABSOLUTE
    ..\..\..\..\..\..\Libraries\APM32F4xx_DAL_Driver\Source\apm32f4xx_dal_eint.c 0x00000000   Number         0  apm32f4xx_dal_eint.o ABSOLUTE
    ..\..\..\..\..\..\Libraries\APM32F4xx_DAL_Driver\Source\apm32f4xx_dal_flash.c 0x00000000   Number         0  apm32f4xx_dal_flash.o ABSOLUTE
    ..\..\..\..\..\..\Libraries\APM32F4xx_DAL_Driver\Source\apm32f4xx_dal_flash_ex.c 0x00000000   Number         0  apm32f4xx_dal_flash_ex.o ABSOLUTE
    ..\..\..\..\..\..\Libraries\APM32F4xx_DAL_Driver\Source\apm32f4xx_dal_gpio.c 0x00000000   Number         0  apm32f4xx_dal_gpio.o ABSOLUTE
    ..\..\..\..\..\..\Libraries\APM32F4xx_DAL_Driver\Source\apm32f4xx_dal_i2c.c 0x00000000   Number         0  apm32f4xx_dal_i2c.o ABSOLUTE
    ..\..\..\..\..\..\Libraries\APM32F4xx_DAL_Driver\Source\apm32f4xx_dal_i2c_ex.c 0x00000000   Number         0  apm32f4xx_dal_i2c_ex.o ABSOLUTE
    ..\..\..\..\..\..\Libraries\APM32F4xx_DAL_Driver\Source\apm32f4xx_dal_pmu.c 0x00000000   Number         0  apm32f4xx_dal_pmu.o ABSOLUTE
    ..\..\..\..\..\..\Libraries\APM32F4xx_DAL_Driver\Source\apm32f4xx_dal_pmu_ex.c 0x00000000   Number         0  apm32f4xx_dal_pmu_ex.o ABSOLUTE
    ..\..\..\..\..\..\Libraries\APM32F4xx_DAL_Driver\Source\apm32f4xx_dal_rcm.c 0x00000000   Number         0  apm32f4xx_dal_rcm.o ABSOLUTE
    ..\..\..\..\..\..\Libraries\APM32F4xx_DAL_Driver\Source\apm32f4xx_dal_rcm_ex.c 0x00000000   Number         0  apm32f4xx_dal_rcm_ex.o ABSOLUTE
    ..\..\..\..\..\..\Libraries\APM32F4xx_DAL_Driver\Source\apm32f4xx_dal_spi.c 0x00000000   Number         0  apm32f4xx_dal_spi.o ABSOLUTE
    ..\..\..\..\..\..\Libraries\APM32F4xx_DAL_Driver\Source\apm32f4xx_dal_uart.c 0x00000000   Number         0  apm32f4xx_dal_uart.o ABSOLUTE
    ..\..\..\..\..\..\Libraries\APM32F4xx_DAL_Driver\Source\apm32f4xx_dal_usart.c 0x00000000   Number         0  apm32f4xx_dal_usart.o ABSOLUTE
    ..\..\Config\Source\apm32f4xx_device_cfg.c 0x00000000   Number         0  apm32f4xx_device_cfg.o ABSOLUTE
    ..\..\Config\Source\apm32f4xx_gpio_cfg.c 0x00000000   Number         0  apm32f4xx_gpio_cfg.o ABSOLUTE
    ..\..\Config\Source\apm32f4xx_i2c_cfg.c  0x00000000   Number         0  apm32f4xx_i2c_cfg.o ABSOLUTE
    ..\..\Config\Source\apm32f4xx_nvic_cfg.c 0x00000000   Number         0  apm32f4xx_nvic_cfg.o ABSOLUTE
    ..\..\Config\Source\apm32f4xx_rcm_cfg.c  0x00000000   Number         0  apm32f4xx_rcm_cfg.o ABSOLUTE
    ..\..\Config\Source\apm32f4xx_spi_cfg.c  0x00000000   Number         0  apm32f4xx_spi_cfg.o ABSOLUTE
    ..\..\Config\Source\apm32f4xx_usart_cfg.c 0x00000000   Number         0  apm32f4xx_usart_cfg.o ABSOLUTE
    ..\..\Source\apm32f4xx_int.c             0x00000000   Number         0  apm32f4xx_int.o ABSOLUTE
    ..\..\Source\flash_read_write.c          0x00000000   Number         0  flash_read_write.o ABSOLUTE
    ..\..\Source\main.c                      0x00000000   Number         0  main.o ABSOLUTE
    ..\..\Source\system_apm32f4xx.c          0x00000000   Number         0  system_apm32f4xx.o ABSOLUTE
    ..\\..\\..\\..\\..\\..\\Boards\\Board_APM32F402_Tiny\\Source\\board_apm32f402_tiny.c 0x00000000   Number         0  board_apm32f402_tiny.o ABSOLUTE
    ..\\..\\..\\..\\..\\..\\Libraries\\APM32F4xx_DAL_Driver\\Source\\apm32f4xx_dal.c 0x00000000   Number         0  apm32f4xx_dal.o ABSOLUTE
    ..\\..\\..\\..\\..\\..\\Libraries\\APM32F4xx_DAL_Driver\\Source\\apm32f4xx_dal_cortex.c 0x00000000   Number         0  apm32f4xx_dal_cortex.o ABSOLUTE
    ..\\..\\..\\..\\..\\..\\Libraries\\APM32F4xx_DAL_Driver\\Source\\apm32f4xx_dal_dma.c 0x00000000   Number         0  apm32f4xx_dal_dma.o ABSOLUTE
    ..\\..\\..\\..\\..\\..\\Libraries\\APM32F4xx_DAL_Driver\\Source\\apm32f4xx_dal_dma_ex.c 0x00000000   Number         0  apm32f4xx_dal_dma_ex.o ABSOLUTE
    ..\\..\\..\\..\\..\\..\\Libraries\\APM32F4xx_DAL_Driver\\Source\\apm32f4xx_dal_eint.c 0x00000000   Number         0  apm32f4xx_dal_eint.o ABSOLUTE
    ..\\..\\..\\..\\..\\..\\Libraries\\APM32F4xx_DAL_Driver\\Source\\apm32f4xx_dal_flash.c 0x00000000   Number         0  apm32f4xx_dal_flash.o ABSOLUTE
    ..\\..\\..\\..\\..\\..\\Libraries\\APM32F4xx_DAL_Driver\\Source\\apm32f4xx_dal_flash_ex.c 0x00000000   Number         0  apm32f4xx_dal_flash_ex.o ABSOLUTE
    ..\\..\\..\\..\\..\\..\\Libraries\\APM32F4xx_DAL_Driver\\Source\\apm32f4xx_dal_gpio.c 0x00000000   Number         0  apm32f4xx_dal_gpio.o ABSOLUTE
    ..\\..\\..\\..\\..\\..\\Libraries\\APM32F4xx_DAL_Driver\\Source\\apm32f4xx_dal_i2c.c 0x00000000   Number         0  apm32f4xx_dal_i2c.o ABSOLUTE
    ..\\..\\..\\..\\..\\..\\Libraries\\APM32F4xx_DAL_Driver\\Source\\apm32f4xx_dal_i2c_ex.c 0x00000000   Number         0  apm32f4xx_dal_i2c_ex.o ABSOLUTE
    ..\\..\\..\\..\\..\\..\\Libraries\\APM32F4xx_DAL_Driver\\Source\\apm32f4xx_dal_pmu.c 0x00000000   Number         0  apm32f4xx_dal_pmu.o ABSOLUTE
    ..\\..\\..\\..\\..\\..\\Libraries\\APM32F4xx_DAL_Driver\\Source\\apm32f4xx_dal_pmu_ex.c 0x00000000   Number         0  apm32f4xx_dal_pmu_ex.o ABSOLUTE
    ..\\..\\..\\..\\..\\..\\Libraries\\APM32F4xx_DAL_Driver\\Source\\apm32f4xx_dal_rcm.c 0x00000000   Number         0  apm32f4xx_dal_rcm.o ABSOLUTE
    ..\\..\\..\\..\\..\\..\\Libraries\\APM32F4xx_DAL_Driver\\Source\\apm32f4xx_dal_rcm_ex.c 0x00000000   Number         0  apm32f4xx_dal_rcm_ex.o ABSOLUTE
    ..\\..\\..\\..\\..\\..\\Libraries\\APM32F4xx_DAL_Driver\\Source\\apm32f4xx_dal_spi.c 0x00000000   Number         0  apm32f4xx_dal_spi.o ABSOLUTE
    ..\\..\\..\\..\\..\\..\\Libraries\\APM32F4xx_DAL_Driver\\Source\\apm32f4xx_dal_uart.c 0x00000000   Number         0  apm32f4xx_dal_uart.o ABSOLUTE
    ..\\..\\..\\..\\..\\..\\Libraries\\APM32F4xx_DAL_Driver\\Source\\apm32f4xx_dal_usart.c 0x00000000   Number         0  apm32f4xx_dal_usart.o ABSOLUTE
    ..\\..\\Config\\Source\\apm32f4xx_device_cfg.c 0x00000000   Number         0  apm32f4xx_device_cfg.o ABSOLUTE
    ..\\..\\Config\\Source\\apm32f4xx_gpio_cfg.c 0x00000000   Number         0  apm32f4xx_gpio_cfg.o ABSOLUTE
    ..\\..\\Config\\Source\\apm32f4xx_i2c_cfg.c 0x00000000   Number         0  apm32f4xx_i2c_cfg.o ABSOLUTE
    ..\\..\\Config\\Source\\apm32f4xx_nvic_cfg.c 0x00000000   Number         0  apm32f4xx_nvic_cfg.o ABSOLUTE
    ..\\..\\Config\\Source\\apm32f4xx_rcm_cfg.c 0x00000000   Number         0  apm32f4xx_rcm_cfg.o ABSOLUTE
    ..\\..\\Config\\Source\\apm32f4xx_spi_cfg.c 0x00000000   Number         0  apm32f4xx_spi_cfg.o ABSOLUTE
    ..\\..\\Config\\Source\\apm32f4xx_usart_cfg.c 0x00000000   Number         0  apm32f4xx_usart_cfg.o ABSOLUTE
    ..\\..\\Source\\apm32f4xx_int.c          0x00000000   Number         0  apm32f4xx_int.o ABSOLUTE
    ..\\..\\Source\\flash_read_write.c       0x00000000   Number         0  flash_read_write.o ABSOLUTE
    ..\\..\\Source\\main.c                   0x00000000   Number         0  main.o ABSOLUTE
    ..\\..\\Source\\system_apm32f4xx.c       0x00000000   Number         0  system_apm32f4xx.o ABSOLUTE
    cdrcmple.s                               0x00000000   Number         0  cdrcmple.o ABSOLUTE
    dc.s                                     0x00000000   Number         0  dc.o ABSOLUTE
    handlers.s                               0x00000000   Number         0  handlers.o ABSOLUTE
    init.s                                   0x00000000   Number         0  init.o ABSOLUTE
    startup_apm32f402xx.s                    0x00000000   Number         0  startup_apm32f402xx.o ABSOLUTE
    RESET                                    0x08000000   Section      328  startup_apm32f402xx.o(RESET)
    .ARM.Collect$$$$00000000                 0x08000148   Section        0  entry.o(.ARM.Collect$$$$00000000)
    .ARM.Collect$$$$00000001                 0x08000148   Section        4  entry2.o(.ARM.Collect$$$$00000001)
    .ARM.Collect$$$$00000004                 0x0800014c   Section        4  entry5.o(.ARM.Collect$$$$00000004)
    .ARM.Collect$$$$00000008                 0x08000150   Section        0  entry7b.o(.ARM.Collect$$$$00000008)
    .ARM.Collect$$$$0000000A                 0x08000150   Section        0  entry8b.o(.ARM.Collect$$$$0000000A)
    .ARM.Collect$$$$0000000B                 0x08000150   Section        8  entry9a.o(.ARM.Collect$$$$0000000B)
    .ARM.Collect$$$$0000000E                 0x08000158   Section        4  entry12b.o(.ARM.Collect$$$$0000000E)
    .ARM.Collect$$$$0000000F                 0x0800015c   Section        0  entry10a.o(.ARM.Collect$$$$0000000F)
    .ARM.Collect$$$$00000011                 0x0800015c   Section        0  entry11a.o(.ARM.Collect$$$$00000011)
    .ARM.Collect$$$$00002712                 0x0800015c   Section        4  entry2.o(.ARM.Collect$$$$00002712)
    __lit__00000000                          0x0800015c   Data           4  entry2.o(.ARM.Collect$$$$00002712)
    .text                                    0x08000160   Section       36  startup_apm32f402xx.o(.text)
    $v0                                      0x08000160   Number         0  startup_apm32f402xx.o(.text)
    .text                                    0x08000184   Section        0  llushr.o(.text)
    .text                                    0x080001a4   Section        0  siabs.o(.text)
    .text                                    0x080001ac   Section        0  memcpya.o(.text)
    .text                                    0x080001d0   Section        0  memseta.o(.text)
    .text                                    0x080001f4   Section        0  f2d.o(.text)
    .text                                    0x0800021a   Section        0  iusefp.o(.text)
    .text                                    0x0800021c   Section       36  init.o(.text)
    .text                                    0x08000240   Section        0  __dclz77c.o(.text)
    i.BusFault_Handler                       0x0800029e   Section        0  apm32f4xx_int.o(i.BusFault_Handler)
    i.DAL_DMA_Abort                          0x080002a2   Section        0  apm32f4xx_dal_dma.o(i.DAL_DMA_Abort)
    i.DAL_DMA_Abort_IT                       0x08000300   Section        0  apm32f4xx_dal_dma.o(i.DAL_DMA_Abort_IT)
    i.DAL_DMA_GetState                       0x08000328   Section        0  apm32f4xx_dal_dma.o(i.DAL_DMA_GetState)
    i.DAL_DMA_IRQHandler                     0x08000330   Section        0  apm32f4xx_dal_dma.o(i.DAL_DMA_IRQHandler)
    i.DAL_DMA_Init                           0x080004c0   Section        0  apm32f4xx_dal_dma.o(i.DAL_DMA_Init)
    i.DAL_DMA_Start_IT                       0x0800055c   Section        0  apm32f4xx_dal_dma.o(i.DAL_DMA_Start_IT)
    i.DAL_Delay                              0x080005ec   Section        0  apm32f4xx_dal.o(i.DAL_Delay)
    i.DAL_DeviceConfig                       0x08000614   Section        0  apm32f4xx_device_cfg.o(i.DAL_DeviceConfig)
    i.DAL_FLASHEx_Erase                      0x08000638   Section        0  apm32f4xx_dal_flash_ex.o(i.DAL_FLASHEx_Erase)
    i.DAL_FLASH_Lock                         0x080006e4   Section        0  apm32f4xx_dal_flash.o(i.DAL_FLASH_Lock)
    i.DAL_FLASH_Program                      0x080006f8   Section        0  apm32f4xx_dal_flash.o(i.DAL_FLASH_Program)
    i.DAL_FLASH_Unlock                       0x080007ac   Section        0  apm32f4xx_dal_flash.o(i.DAL_FLASH_Unlock)
    i.DAL_GPIO_Config                        0x080007dc   Section        0  apm32f4xx_gpio_cfg.o(i.DAL_GPIO_Config)
    i.DAL_GPIO_Init                          0x08000934   Section        0  apm32f4xx_dal_gpio.o(i.DAL_GPIO_Init)
    i.DAL_GPIO_WritePin                      0x08000bc8   Section        0  apm32f4xx_dal_gpio.o(i.DAL_GPIO_WritePin)
    i.DAL_GetTick                            0x08000bd4   Section        0  apm32f4xx_dal.o(i.DAL_GetTick)
    i.DAL_I2C1_Config                        0x08000be0   Section        0  apm32f4xx_i2c_cfg.o(i.DAL_I2C1_Config)
    i.DAL_I2C_AbortCpltCallback              0x08000c24   Section        0  apm32f4xx_dal_i2c.o(i.DAL_I2C_AbortCpltCallback)
    i.DAL_I2C_AddrCallback                   0x08000c26   Section        0  apm32f4xx_dal_i2c.o(i.DAL_I2C_AddrCallback)
    i.DAL_I2C_ER_IRQHandler                  0x08000c28   Section        0  apm32f4xx_dal_i2c.o(i.DAL_I2C_ER_IRQHandler)
    i.DAL_I2C_EV_IRQHandler                  0x08000cfc   Section        0  apm32f4xx_dal_i2c.o(i.DAL_I2C_EV_IRQHandler)
    i.DAL_I2C_ErrorCallback                  0x08000ed8   Section        0  main.o(i.DAL_I2C_ErrorCallback)
    i.DAL_I2C_Init                           0x08000f0c   Section        0  apm32f4xx_dal_i2c.o(i.DAL_I2C_Init)
    i.DAL_I2C_ListenCpltCallback             0x080010dc   Section        0  apm32f4xx_dal_i2c.o(i.DAL_I2C_ListenCpltCallback)
    i.DAL_I2C_MasterRxCpltCallback           0x080010de   Section        0  apm32f4xx_dal_i2c.o(i.DAL_I2C_MasterRxCpltCallback)
    i.DAL_I2C_MasterTxCpltCallback           0x080010e0   Section        0  apm32f4xx_dal_i2c.o(i.DAL_I2C_MasterTxCpltCallback)
    i.DAL_I2C_MemRxCpltCallback              0x080010e2   Section        0  apm32f4xx_dal_i2c.o(i.DAL_I2C_MemRxCpltCallback)
    i.DAL_I2C_MemTxCpltCallback              0x080010e4   Section        0  apm32f4xx_dal_i2c.o(i.DAL_I2C_MemTxCpltCallback)
    i.DAL_I2C_MspInit                        0x080010e8   Section        0  apm32f4xx_i2c_cfg.o(i.DAL_I2C_MspInit)
    i.DAL_I2C_SlaveRxCpltCallback            0x0800125c   Section        0  main.o(i.DAL_I2C_SlaveRxCpltCallback)
    i.DAL_I2C_SlaveTxCpltCallback            0x080012e0   Section        0  main.o(i.DAL_I2C_SlaveTxCpltCallback)
    i.DAL_I2C_Slave_Receive_IT               0x08001314   Section        0  apm32f4xx_dal_i2c.o(i.DAL_I2C_Slave_Receive_IT)
    i.DAL_I2C_Slave_Transmit_IT              0x080013ac   Section        0  apm32f4xx_dal_i2c.o(i.DAL_I2C_Slave_Transmit_IT)
    i.DAL_IncTick                            0x08001444   Section        0  apm32f4xx_dal.o(i.DAL_IncTick)
    i.DAL_Init                               0x0800145c   Section        0  apm32f4xx_dal.o(i.DAL_Init)
    i.DAL_InitTick                           0x08001498   Section        0  apm32f4xx_dal.o(i.DAL_InitTick)
    i.DAL_MspInit                            0x080014e4   Section        0  apm32f4xx_dal.o(i.DAL_MspInit)
    i.DAL_NVIC_Config                        0x080014e8   Section        0  apm32f4xx_nvic_cfg.o(i.DAL_NVIC_Config)
    i.DAL_NVIC_EnableIRQ                     0x08001534   Section        0  apm32f4xx_dal_cortex.o(i.DAL_NVIC_EnableIRQ)
    i.DAL_NVIC_SetPriority                   0x0800155c   Section        0  apm32f4xx_dal_cortex.o(i.DAL_NVIC_SetPriority)
    i.DAL_NVIC_SetPriorityGrouping           0x080015d8   Section        0  apm32f4xx_dal_cortex.o(i.DAL_NVIC_SetPriorityGrouping)
    i.DAL_RCMEx_PeriphCLKConfig              0x08001600   Section        0  apm32f4xx_dal_rcm_ex.o(i.DAL_RCMEx_PeriphCLKConfig)
    i.DAL_RCM_ClockConfig                    0x0800170c   Section        0  apm32f4xx_dal_rcm.o(i.DAL_RCM_ClockConfig)
    i.DAL_RCM_GetHCLKFreq                    0x080018a0   Section        0  apm32f4xx_dal_rcm.o(i.DAL_RCM_GetHCLKFreq)
    i.DAL_RCM_GetPCLK1Freq                   0x080018ac   Section        0  apm32f4xx_dal_rcm.o(i.DAL_RCM_GetPCLK1Freq)
    i.DAL_RCM_GetSysClockFreq                0x080018cc   Section        0  apm32f4xx_dal_rcm.o(i.DAL_RCM_GetSysClockFreq)
    i.DAL_RCM_OscConfig                      0x08001948   Section        0  apm32f4xx_dal_rcm.o(i.DAL_RCM_OscConfig)
    i.DAL_RCM_PeripheralClkConfig            0x08001d68   Section        0  apm32f4xx_rcm_cfg.o(i.DAL_RCM_PeripheralClkConfig)
    i.DAL_SPI1_Config                        0x08001d6c   Section        0  apm32f4xx_spi_cfg.o(i.DAL_SPI1_Config)
    i.DAL_SPI2_Config                        0x08001db0   Section        0  apm32f4xx_spi_cfg.o(i.DAL_SPI2_Config)
    i.DAL_SPI_Init                           0x08001df4   Section        0  apm32f4xx_dal_spi.o(i.DAL_SPI_Init)
    i.DAL_SPI_MspInit                        0x08001ec0   Section        0  apm32f4xx_spi_cfg.o(i.DAL_SPI_MspInit)
    i.DAL_SPI_Receive                        0x08001fbc   Section        0  apm32f4xx_dal_spi.o(i.DAL_SPI_Receive)
    i.DAL_SPI_Transmit                       0x080021f4   Section        0  apm32f4xx_dal_spi.o(i.DAL_SPI_Transmit)
    i.DAL_SPI_TransmitReceive                0x080023da   Section        0  apm32f4xx_dal_spi.o(i.DAL_SPI_TransmitReceive)
    i.DAL_SYSTICK_Config                     0x080026ac   Section        0  apm32f4xx_dal_cortex.o(i.DAL_SYSTICK_Config)
    i.DAL_SysClkConfig                       0x080026e0   Section        0  apm32f4xx_device_cfg.o(i.DAL_SysClkConfig)
    i.DAL_UARTEx_ReceiveToIdle_DMA           0x08002758   Section        0  apm32f4xx_dal_uart.o(i.DAL_UARTEx_ReceiveToIdle_DMA)
    i.DAL_UARTEx_RxEventCallback             0x080027de   Section        0  apm32f4xx_dal_uart.o(i.DAL_UARTEx_RxEventCallback)
    i.DAL_UART_DMAStop                       0x080027e0   Section        0  apm32f4xx_dal_uart.o(i.DAL_UART_DMAStop)
    i.DAL_UART_ErrorCallback                 0x0800286a   Section        0  apm32f4xx_dal_uart.o(i.DAL_UART_ErrorCallback)
    i.DAL_UART_GetState                      0x0800286c   Section        0  apm32f4xx_dal_uart.o(i.DAL_UART_GetState)
    i.DAL_UART_IRQHandler                    0x08002880   Section        0  apm32f4xx_dal_uart.o(i.DAL_UART_IRQHandler)
    i.DAL_UART_RxCpltCallback                0x08002b68   Section        0  apm32f4xx_dal_uart.o(i.DAL_UART_RxCpltCallback)
    i.DAL_UART_RxHalfCpltCallback            0x08002b6a   Section        0  apm32f4xx_dal_uart.o(i.DAL_UART_RxHalfCpltCallback)
    i.DAL_UART_Transmit                      0x08002b6c   Section        0  apm32f4xx_dal_uart.o(i.DAL_UART_Transmit)
    i.DAL_UART_TxCpltCallback                0x08002c4a   Section        0  apm32f4xx_dal_uart.o(i.DAL_UART_TxCpltCallback)
    i.DMA1_Channel6_IRQHandler               0x08002c4c   Section        0  apm32f4xx_int.o(i.DMA1_Channel6_IRQHandler)
    i.DMA1_Channel7_IRQHandler               0x08002c6c   Section        0  apm32f4xx_int.o(i.DMA1_Channel7_IRQHandler)
    i.DMA_SetConfig                          0x08002c7c   Section        0  apm32f4xx_dal_dma.o(i.DMA_SetConfig)
    DMA_SetConfig                            0x08002c7d   Thumb Code    44  apm32f4xx_dal_dma.o(i.DMA_SetConfig)
    i.DebugMon_Handler                       0x08002ca8   Section        0  apm32f4xx_int.o(i.DebugMon_Handler)
    i.Error_Handler                          0x08002caa   Section        0  apm32f4xx_device_cfg.o(i.Error_Handler)
    i.FLASH_FlushCaches                      0x08002cb0   Section        0  apm32f4xx_dal_flash_ex.o(i.FLASH_FlushCaches)
    i.FLASH_MassErase                        0x08002d28   Section        0  apm32f4xx_dal_flash_ex.o(i.FLASH_MassErase)
    FLASH_MassErase                          0x08002d29   Thumb Code    30  apm32f4xx_dal_flash_ex.o(i.FLASH_MassErase)
    i.FLASH_PageErase                        0x08002d50   Section        0  apm32f4xx_dal_flash_ex.o(i.FLASH_PageErase)
    i.FLASH_Program_HalfWord                 0x08002d78   Section        0  apm32f4xx_dal_flash.o(i.FLASH_Program_HalfWord)
    FLASH_Program_HalfWord                   0x08002d79   Thumb Code    22  apm32f4xx_dal_flash.o(i.FLASH_Program_HalfWord)
    i.FLASH_SetErrorCode                     0x08002d98   Section        0  apm32f4xx_dal_flash.o(i.FLASH_SetErrorCode)
    FLASH_SetErrorCode                       0x08002d99   Thumb Code   104  apm32f4xx_dal_flash.o(i.FLASH_SetErrorCode)
    i.FLASH_WaitForLastOperation             0x08002e08   Section        0  apm32f4xx_dal_flash.o(i.FLASH_WaitForLastOperation)
    i.Flash_GetPageNum                       0x08002e78   Section        0  flash_read_write.o(i.Flash_GetPageNum)
    Flash_GetPageNum                         0x08002e79   Thumb Code     8  flash_read_write.o(i.Flash_GetPageNum)
    i.Flash_Read                             0x08002e80   Section        0  flash_read_write.o(i.Flash_Read)
    i.Flash_ReadByte                         0x08002ec8   Section        0  flash_read_write.o(i.Flash_ReadByte)
    Flash_ReadByte                           0x08002ec9   Thumb Code     6  flash_read_write.o(i.Flash_ReadByte)
    i.Flash_Write                            0x08002ece   Section        0  flash_read_write.o(i.Flash_Write)
    i.Flash_WriteOnePage                     0x08003018   Section        0  flash_read_write.o(i.Flash_WriteOnePage)
    Flash_WriteOnePage                       0x08003019   Thumb Code   270  flash_read_write.o(i.Flash_WriteOnePage)
    i.HardFault_Handler                      0x08003134   Section        0  apm32f4xx_int.o(i.HardFault_Handler)
    i.I2C1_ER_IRQHandler                     0x08003138   Section        0  main.o(i.I2C1_ER_IRQHandler)
    i.I2C1_EV_IRQHandler                     0x08003148   Section        0  main.o(i.I2C1_EV_IRQHandler)
    i.I2C_ConvertOtherXferOptions            0x08003158   Section        0  apm32f4xx_dal_i2c.o(i.I2C_ConvertOtherXferOptions)
    I2C_ConvertOtherXferOptions              0x08003159   Thumb Code    28  apm32f4xx_dal_i2c.o(i.I2C_ConvertOtherXferOptions)
    i.I2C_DMAAbort                           0x08003174   Section        0  apm32f4xx_dal_i2c.o(i.I2C_DMAAbort)
    I2C_DMAAbort                             0x08003175   Thumb Code   242  apm32f4xx_dal_i2c.o(i.I2C_DMAAbort)
    i.I2C_Flush_DATA                         0x0800326c   Section        0  apm32f4xx_dal_i2c.o(i.I2C_Flush_DATA)
    I2C_Flush_DATA                           0x0800326d   Thumb Code    18  apm32f4xx_dal_i2c.o(i.I2C_Flush_DATA)
    i.I2C_ITError                            0x08003280   Section        0  apm32f4xx_dal_i2c.o(i.I2C_ITError)
    I2C_ITError                              0x08003281   Thumb Code   420  apm32f4xx_dal_i2c.o(i.I2C_ITError)
    i.I2C_MasterReceive_BTF                  0x0800342c   Section        0  apm32f4xx_dal_i2c.o(i.I2C_MasterReceive_BTF)
    I2C_MasterReceive_BTF                    0x0800342d   Thumb Code   308  apm32f4xx_dal_i2c.o(i.I2C_MasterReceive_BTF)
    i.I2C_MasterReceive_RXNE                 0x08003560   Section        0  apm32f4xx_dal_i2c.o(i.I2C_MasterReceive_RXNE)
    I2C_MasterReceive_RXNE                   0x08003561   Thumb Code   260  apm32f4xx_dal_i2c.o(i.I2C_MasterReceive_RXNE)
    i.I2C_MasterTransmit_BTF                 0x08003664   Section        0  apm32f4xx_dal_i2c.o(i.I2C_MasterTransmit_BTF)
    I2C_MasterTransmit_BTF                   0x08003665   Thumb Code   160  apm32f4xx_dal_i2c.o(i.I2C_MasterTransmit_BTF)
    i.I2C_MasterTransmit_TXE                 0x08003704   Section        0  apm32f4xx_dal_i2c.o(i.I2C_MasterTransmit_TXE)
    I2C_MasterTransmit_TXE                   0x08003705   Thumb Code   216  apm32f4xx_dal_i2c.o(i.I2C_MasterTransmit_TXE)
    i.I2C_Master_ADD10                       0x080037dc   Section        0  apm32f4xx_dal_i2c.o(i.I2C_Master_ADD10)
    I2C_Master_ADD10                         0x080037dd   Thumb Code    42  apm32f4xx_dal_i2c.o(i.I2C_Master_ADD10)
    i.I2C_Master_ADDR                        0x08003806   Section        0  apm32f4xx_dal_i2c.o(i.I2C_Master_ADDR)
    I2C_Master_ADDR                          0x08003807   Thumb Code   616  apm32f4xx_dal_i2c.o(i.I2C_Master_ADDR)
    i.I2C_Master_SB                          0x08003a6e   Section        0  apm32f4xx_dal_i2c.o(i.I2C_Master_SB)
    I2C_Master_SB                            0x08003a6f   Thumb Code   158  apm32f4xx_dal_i2c.o(i.I2C_Master_SB)
    i.I2C_MemoryTransmit_TXE_BTF             0x08003b0c   Section        0  apm32f4xx_dal_i2c.o(i.I2C_MemoryTransmit_TXE_BTF)
    I2C_MemoryTransmit_TXE_BTF               0x08003b0d   Thumb Code   198  apm32f4xx_dal_i2c.o(i.I2C_MemoryTransmit_TXE_BTF)
    i.I2C_PrepareTxFromLatestFrames          0x08003bd4   Section        0  main.o(i.I2C_PrepareTxFromLatestFrames)
    I2C_PrepareTxFromLatestFrames            0x08003bd5   Thumb Code    62  main.o(i.I2C_PrepareTxFromLatestFrames)
    i.I2C_SlaveReceive_BTF                   0x08003c20   Section        0  apm32f4xx_dal_i2c.o(i.I2C_SlaveReceive_BTF)
    I2C_SlaveReceive_BTF                     0x08003c21   Thumb Code    26  apm32f4xx_dal_i2c.o(i.I2C_SlaveReceive_BTF)
    i.I2C_SlaveReceive_RXNE                  0x08003c3a   Section        0  apm32f4xx_dal_i2c.o(i.I2C_SlaveReceive_RXNE)
    I2C_SlaveReceive_RXNE                    0x08003c3b   Thumb Code    70  apm32f4xx_dal_i2c.o(i.I2C_SlaveReceive_RXNE)
    i.I2C_SlaveTransmit_BTF                  0x08003c80   Section        0  apm32f4xx_dal_i2c.o(i.I2C_SlaveTransmit_BTF)
    I2C_SlaveTransmit_BTF                    0x08003c81   Thumb Code    26  apm32f4xx_dal_i2c.o(i.I2C_SlaveTransmit_BTF)
    i.I2C_SlaveTransmit_TXE                  0x08003c9a   Section        0  apm32f4xx_dal_i2c.o(i.I2C_SlaveTransmit_TXE)
    I2C_SlaveTransmit_TXE                    0x08003c9b   Thumb Code    70  apm32f4xx_dal_i2c.o(i.I2C_SlaveTransmit_TXE)
    i.I2C_Slave_ADDR                         0x08003ce0   Section        0  apm32f4xx_dal_i2c.o(i.I2C_Slave_ADDR)
    I2C_Slave_ADDR                           0x08003ce1   Thumb Code   112  apm32f4xx_dal_i2c.o(i.I2C_Slave_ADDR)
    i.I2C_Slave_AF                           0x08003d50   Section        0  apm32f4xx_dal_i2c.o(i.I2C_Slave_AF)
    I2C_Slave_AF                             0x08003d51   Thumb Code   162  apm32f4xx_dal_i2c.o(i.I2C_Slave_AF)
    i.I2C_Slave_STOPF                        0x08003df8   Section        0  apm32f4xx_dal_i2c.o(i.I2C_Slave_STOPF)
    I2C_Slave_STOPF                          0x08003df9   Thumb Code   386  apm32f4xx_dal_i2c.o(i.I2C_Slave_STOPF)
    i.I2C_WaitOnSTOPRequestThroughIT         0x08003f84   Section        0  apm32f4xx_dal_i2c.o(i.I2C_WaitOnSTOPRequestThroughIT)
    I2C_WaitOnSTOPRequestThroughIT           0x08003f85   Thumb Code    74  apm32f4xx_dal_i2c.o(i.I2C_WaitOnSTOPRequestThroughIT)
    i.MemManage_Handler                      0x08003fd4   Section        0  apm32f4xx_int.o(i.MemManage_Handler)
    i.NMI_Handler                            0x08003fd8   Section        0  apm32f4xx_int.o(i.NMI_Handler)
    i.NSA2302_READ_CALIBRATE                 0x08003fdc   Section        0  main.o(i.NSA2302_READ_CALIBRATE)
    i.PendSV_Handler                         0x0800439c   Section        0  apm32f4xx_int.o(i.PendSV_Handler)
    i.SPI_CS_Init                            0x080043a0   Section        0  apm32f4xx_spi_cfg.o(i.SPI_CS_Init)
    i.SPI_EndRxTransaction                   0x08004488   Section        0  apm32f4xx_dal_spi.o(i.SPI_EndRxTransaction)
    SPI_EndRxTransaction                     0x08004489   Thumb Code   148  apm32f4xx_dal_spi.o(i.SPI_EndRxTransaction)
    i.SPI_EndRxTxTransaction                 0x0800451c   Section        0  apm32f4xx_dal_spi.o(i.SPI_EndRxTxTransaction)
    SPI_EndRxTxTransaction                   0x0800451d   Thumb Code   100  apm32f4xx_dal_spi.o(i.SPI_EndRxTxTransaction)
    i.SPI_WaitFlagStateUntilTimeout          0x08004588   Section        0  apm32f4xx_dal_spi.o(i.SPI_WaitFlagStateUntilTimeout)
    SPI_WaitFlagStateUntilTimeout            0x08004589   Thumb Code   210  apm32f4xx_dal_spi.o(i.SPI_WaitFlagStateUntilTimeout)
    i.SVC_Handler                            0x08004660   Section        0  apm32f4xx_int.o(i.SVC_Handler)
    i.Spi_ReadReg                            0x08004664   Section        0  main.o(i.Spi_ReadReg)
    i.Spi_WriteReg                           0x080046d8   Section        0  main.o(i.Spi_WriteReg)
    i.SysTick_Handler                        0x08004750   Section        0  apm32f4xx_int.o(i.SysTick_Handler)
    i.SystemInit                             0x08004758   Section        0  system_apm32f4xx.o(i.SystemInit)
    i.UART_DMAAbortOnError                   0x080047f0   Section        0  apm32f4xx_dal_uart.o(i.UART_DMAAbortOnError)
    UART_DMAAbortOnError                     0x080047f1   Thumb Code    20  apm32f4xx_dal_uart.o(i.UART_DMAAbortOnError)
    i.UART_DMAError                          0x08004804   Section        0  apm32f4xx_dal_uart.o(i.UART_DMAError)
    UART_DMAError                            0x08004805   Thumb Code    80  apm32f4xx_dal_uart.o(i.UART_DMAError)
    i.UART_DMAReceiveCplt                    0x08004854   Section        0  apm32f4xx_dal_uart.o(i.UART_DMAReceiveCplt)
    UART_DMAReceiveCplt                      0x08004855   Thumb Code   180  apm32f4xx_dal_uart.o(i.UART_DMAReceiveCplt)
    i.UART_DMARxHalfCplt                     0x08004908   Section        0  apm32f4xx_dal_uart.o(i.UART_DMARxHalfCplt)
    UART_DMARxHalfCplt                       0x08004909   Thumb Code    36  apm32f4xx_dal_uart.o(i.UART_DMARxHalfCplt)
    i.UART_EndRxTransfer                     0x0800492c   Section        0  apm32f4xx_dal_uart.o(i.UART_EndRxTransfer)
    UART_EndRxTransfer                       0x0800492d   Thumb Code   108  apm32f4xx_dal_uart.o(i.UART_EndRxTransfer)
    i.UART_EndTransmit_IT                    0x08004998   Section        0  apm32f4xx_dal_uart.o(i.UART_EndTransmit_IT)
    UART_EndTransmit_IT                      0x08004999   Thumb Code    32  apm32f4xx_dal_uart.o(i.UART_EndTransmit_IT)
    i.UART_EndTxTransfer                     0x080049b8   Section        0  apm32f4xx_dal_uart.o(i.UART_EndTxTransfer)
    UART_EndTxTransfer                       0x080049b9   Thumb Code    38  apm32f4xx_dal_uart.o(i.UART_EndTxTransfer)
    i.UART_Receive_IT                        0x080049de   Section        0  apm32f4xx_dal_uart.o(i.UART_Receive_IT)
    UART_Receive_IT                          0x080049df   Thumb Code   252  apm32f4xx_dal_uart.o(i.UART_Receive_IT)
    i.UART_Start_Receive_DMA                 0x08004adc   Section        0  apm32f4xx_dal_uart.o(i.UART_Start_Receive_DMA)
    i.UART_Transmit_IT                       0x08004bac   Section        0  apm32f4xx_dal_uart.o(i.UART_Transmit_IT)
    UART_Transmit_IT                         0x08004bad   Thumb Code    96  apm32f4xx_dal_uart.o(i.UART_Transmit_IT)
    i.UART_WaitOnFlagUntilTimeout            0x08004c0c   Section        0  apm32f4xx_dal_uart.o(i.UART_WaitOnFlagUntilTimeout)
    UART_WaitOnFlagUntilTimeout              0x08004c0d   Thumb Code   146  apm32f4xx_dal_uart.o(i.UART_WaitOnFlagUntilTimeout)
    i.USART1_IRQHandler                      0x08004ca0   Section        0  apm32f4xx_int.o(i.USART1_IRQHandler)
    i.USART2_IRQHandler                      0x08004cb0   Section        0  apm32f4xx_int.o(i.USART2_IRQHandler)
    i.UsageFault_Handler                     0x08004cc0   Section        0  apm32f4xx_int.o(i.UsageFault_Handler)
    i.__NVIC_GetPriorityGrouping             0x08004cc4   Section        0  apm32f4xx_dal_cortex.o(i.__NVIC_GetPriorityGrouping)
    __NVIC_GetPriorityGrouping               0x08004cc5   Thumb Code    10  apm32f4xx_dal_cortex.o(i.__NVIC_GetPriorityGrouping)
    i.__NVIC_SetPriority                     0x08004cd4   Section        0  apm32f4xx_dal_cortex.o(i.__NVIC_SetPriority)
    __NVIC_SetPriority                       0x08004cd5   Thumb Code    32  apm32f4xx_dal_cortex.o(i.__NVIC_SetPriority)
    i.__hardfp_sqrtf                         0x08004cfc   Section        0  sqrtf.o(i.__hardfp_sqrtf)
    i.__scatterload_copy                     0x08004d36   Section       14  handlers.o(i.__scatterload_copy)
    i.__scatterload_null                     0x08004d44   Section        2  handlers.o(i.__scatterload_null)
    i.__scatterload_zeroinit                 0x08004d46   Section       14  handlers.o(i.__scatterload_zeroinit)
    i.__set_errno                            0x08004d54   Section        0  errno.o(i.__set_errno)
    i.cos_calculate                          0x08004d60   Section        0  main.o(i.cos_calculate)
    i.dot_product                            0x08004e10   Section        0  main.o(i.dot_product)
    i.find_nearest_samples                   0x08004e48   Section        0  main.o(i.find_nearest_samples)
    i.main                                   0x08004f68   Section        0  main.o(i.main)
    i.predict_position_and_F                 0x08005410   Section        0  main.o(i.predict_position_and_F)
    i.process_24bit_signed                   0x0800561c   Section        0  main.o(i.process_24bit_signed)
    i.rs485_com_send_by_dma                  0x08005640   Section        0  main.o(i.rs485_com_send_by_dma)
    i.vector_norm2                           0x080056a4   Section        0  main.o(i.vector_norm2)
    .constdata                               0x080056f0   Section       24  system_apm32f4xx.o(.constdata)
    .data                                    0x20000000   Section        4  system_apm32f4xx.o(.data)
    .data                                    0x20000004   Section        9  apm32f4xx_dal.o(.data)
    .data                                    0x20000010   Section     1756  main.o(.data)
    uartEventFlag                            0x20000014   Data           4  main.o(.data)
    i2c_rx_cmd                               0x20000020   Data           2  main.o(.data)
    i2c_tx_len                               0x20000022   Data           2  main.o(.data)
    i2c_ready_to_tx                          0x20000024   Data           1  main.o(.data)
    Write_Buffer                             0x2000002a   Data           4  main.o(.data)
    .data                                    0x200006ec   Section        4  errno.o(.data)
    _errno                                   0x200006ec   Data           4  errno.o(.data)
    .bss                                     0x200006f0   Section       32  apm32f4xx_dal_flash.o(.bss)
    .bss                                     0x20000710   Section      448  apm32f4xx_usart_cfg.o(.bss)
    .bss                                     0x200008d0   Section      176  apm32f4xx_spi_cfg.o(.bss)
    .bss                                     0x20000980   Section      236  apm32f4xx_i2c_cfg.o(.bss)
    .bss                                     0x20000a6c   Section      876  main.o(.bss)
    uart_dma_tx_buffer                       0x20000a6c   Data         200  main.o(.bss)
    temp_buffer                              0x20000b34   Data         100  main.o(.bss)
    pres_buffer                              0x20000b98   Data         100  main.o(.bss)
    uart_dma_tx_buffer_send                  0x20000bfc   Data         100  main.o(.bss)
    uart_dma_rx_buffer                       0x20000c60   Data         100  main.o(.bss)
    i2c_tx_buf                               0x20000cf4   Data         200  main.o(.bss)
    .bss                                     0x20000dd8   Section     1024  flash_read_write.o(.bss)
    Flash_Buffer                             0x20000dd8   Data        1024  flash_read_write.o(.bss)
    STACK                                    0x200011d8   Section     1024  startup_apm32f402xx.o(STACK)

    Global Symbols

    Symbol Name                              Value     Ov Type        Size  Object(Section)

    BuildAttributes$$THM_ISAv4$E$P$D$K$B$S$7EM$VFPi3$EXTD16$VFPS$VFMA$PE$A:L22UL41UL21$X:L11$S22US41US21$IEEE1$IW$USESV6$~STKCKD$USESV7$~SHL$OTIME$ROPI$IEEEJ$EBA8$MICROLIB$REQ8$PRES8$EABIv2 0x00000000   Number         0  anon$$obj.o ABSOLUTE
    __ARM_use_no_argv                        0x00000000   Number         0  main.o ABSOLUTE
    __arm_fini_                               - Undefined Weak Reference
    __cpp_initialize__aeabi_                  - Undefined Weak Reference
    __cxa_finalize                            - Undefined Weak Reference
    _clock_init                               - Undefined Weak Reference
    _microlib_exit                            - Undefined Weak Reference
    __Vectors_Size                           0x00000148   Number         0  startup_apm32f402xx.o ABSOLUTE
    __Vectors                                0x08000000   Data           4  startup_apm32f402xx.o(RESET)
    __Vectors_End                            0x08000148   Data           0  startup_apm32f402xx.o(RESET)
    __main                                   0x08000149   Thumb Code     0  entry.o(.ARM.Collect$$$$00000000)
    _main_stk                                0x08000149   Thumb Code     0  entry2.o(.ARM.Collect$$$$00000001)
    _main_scatterload                        0x0800014d   Thumb Code     0  entry5.o(.ARM.Collect$$$$00000004)
    __main_after_scatterload                 0x08000151   Thumb Code     0  entry5.o(.ARM.Collect$$$$00000004)
    _main_clock                              0x08000151   Thumb Code     0  entry7b.o(.ARM.Collect$$$$00000008)
    _main_cpp_init                           0x08000151   Thumb Code     0  entry8b.o(.ARM.Collect$$$$0000000A)
    _main_init                               0x08000151   Thumb Code     0  entry9a.o(.ARM.Collect$$$$0000000B)
    __rt_lib_shutdown_fini                   0x08000159   Thumb Code     0  entry12b.o(.ARM.Collect$$$$0000000E)
    __rt_final_cpp                           0x0800015d   Thumb Code     0  entry10a.o(.ARM.Collect$$$$0000000F)
    __rt_final_exit                          0x0800015d   Thumb Code     0  entry11a.o(.ARM.Collect$$$$00000011)
    Reset_Handler                            0x08000161   Thumb Code     8  startup_apm32f402xx.o(.text)
    ADC1_2_IRQHandler                        0x0800017b   Thumb Code     0  startup_apm32f402xx.o(.text)
    CAN1_RX0_IRQHandler                      0x0800017b   Thumb Code     0  startup_apm32f402xx.o(.text)
    CAN1_RX1_IRQHandler                      0x0800017b   Thumb Code     0  startup_apm32f402xx.o(.text)
    CAN1_SCE_IRQHandler                      0x0800017b   Thumb Code     0  startup_apm32f402xx.o(.text)
    CAN1_TX_IRQHandler                       0x0800017b   Thumb Code     0  startup_apm32f402xx.o(.text)
    CAN2_RX0_IRQHandler                      0x0800017b   Thumb Code     0  startup_apm32f402xx.o(.text)
    CAN2_RX1_IRQHandler                      0x0800017b   Thumb Code     0  startup_apm32f402xx.o(.text)
    CAN2_SCE_IRQHandler                      0x0800017b   Thumb Code     0  startup_apm32f402xx.o(.text)
    CAN2_TX_IRQHandler                       0x0800017b   Thumb Code     0  startup_apm32f402xx.o(.text)
    DMA1_Channel1_IRQHandler                 0x0800017b   Thumb Code     0  startup_apm32f402xx.o(.text)
    DMA1_Channel2_IRQHandler                 0x0800017b   Thumb Code     0  startup_apm32f402xx.o(.text)
    DMA1_Channel3_IRQHandler                 0x0800017b   Thumb Code     0  startup_apm32f402xx.o(.text)
    DMA1_Channel4_IRQHandler                 0x0800017b   Thumb Code     0  startup_apm32f402xx.o(.text)
    DMA1_Channel5_IRQHandler                 0x0800017b   Thumb Code     0  startup_apm32f402xx.o(.text)
    DMA2_Channel1_IRQHandler                 0x0800017b   Thumb Code     0  startup_apm32f402xx.o(.text)
    DMA2_Channel2_IRQHandler                 0x0800017b   Thumb Code     0  startup_apm32f402xx.o(.text)
    DMA2_Channel3_IRQHandler                 0x0800017b   Thumb Code     0  startup_apm32f402xx.o(.text)
    DMA2_Channel4_5_IRQHandler               0x0800017b   Thumb Code     0  startup_apm32f402xx.o(.text)
    EINT0_IRQHandler                         0x0800017b   Thumb Code     0  startup_apm32f402xx.o(.text)
    EINT15_10_IRQHandler                     0x0800017b   Thumb Code     0  startup_apm32f402xx.o(.text)
    EINT1_IRQHandler                         0x0800017b   Thumb Code     0  startup_apm32f402xx.o(.text)
    EINT2_IRQHandler                         0x0800017b   Thumb Code     0  startup_apm32f402xx.o(.text)
    EINT3_IRQHandler                         0x0800017b   Thumb Code     0  startup_apm32f402xx.o(.text)
    EINT4_IRQHandler                         0x0800017b   Thumb Code     0  startup_apm32f402xx.o(.text)
    EINT9_5_IRQHandler                       0x0800017b   Thumb Code     0  startup_apm32f402xx.o(.text)
    FLASH_IRQHandler                         0x0800017b   Thumb Code     0  startup_apm32f402xx.o(.text)
    FPU_IRQHandler                           0x0800017b   Thumb Code     0  startup_apm32f402xx.o(.text)
    OTG_FS_IRQHandler                        0x0800017b   Thumb Code     0  startup_apm32f402xx.o(.text)
    OTG_FS_WKUP_IRQHandler                   0x0800017b   Thumb Code     0  startup_apm32f402xx.o(.text)
    PVD_IRQHandler                           0x0800017b   Thumb Code     0  startup_apm32f402xx.o(.text)
    RCM_IRQHandler                           0x0800017b   Thumb Code     0  startup_apm32f402xx.o(.text)
    RTC_Alarm_IRQHandler                     0x0800017b   Thumb Code     0  startup_apm32f402xx.o(.text)
    RTC_IRQHandler                           0x0800017b   Thumb Code     0  startup_apm32f402xx.o(.text)
    SPI1_IRQHandler                          0x0800017b   Thumb Code     0  startup_apm32f402xx.o(.text)
    SPI2_IRQHandler                          0x0800017b   Thumb Code     0  startup_apm32f402xx.o(.text)
    TAMPER_IRQHandler                        0x0800017b   Thumb Code     0  startup_apm32f402xx.o(.text)
    TMR1_BRK_IRQHandler                      0x0800017b   Thumb Code     0  startup_apm32f402xx.o(.text)
    TMR1_CC_IRQHandler                       0x0800017b   Thumb Code     0  startup_apm32f402xx.o(.text)
    TMR1_TRG_COM_IRQHandler                  0x0800017b   Thumb Code     0  startup_apm32f402xx.o(.text)
    TMR1_UP_IRQHandler                       0x0800017b   Thumb Code     0  startup_apm32f402xx.o(.text)
    TMR2_IRQHandler                          0x0800017b   Thumb Code     0  startup_apm32f402xx.o(.text)
    TMR3_IRQHandler                          0x0800017b   Thumb Code     0  startup_apm32f402xx.o(.text)
    TMR4_IRQHandler                          0x0800017b   Thumb Code     0  startup_apm32f402xx.o(.text)
    TMR5_IRQHandler                          0x0800017b   Thumb Code     0  startup_apm32f402xx.o(.text)
    TMR8_BRK_IRQHandler                      0x0800017b   Thumb Code     0  startup_apm32f402xx.o(.text)
    TMR8_CC_IRQHandler                       0x0800017b   Thumb Code     0  startup_apm32f402xx.o(.text)
    TMR8_TRG_COM_IRQHandler                  0x0800017b   Thumb Code     0  startup_apm32f402xx.o(.text)
    TMR8_UP_IRQHandler                       0x0800017b   Thumb Code     0  startup_apm32f402xx.o(.text)
    UART4_IRQHandler                         0x0800017b   Thumb Code     0  startup_apm32f402xx.o(.text)
    USART3_IRQHandler                        0x0800017b   Thumb Code     0  startup_apm32f402xx.o(.text)
    WWDT_IRQHandler                          0x0800017b   Thumb Code     0  startup_apm32f402xx.o(.text)
    __aeabi_llsr                             0x08000185   Thumb Code    32  llushr.o(.text)
    _ll_ushift_r                             0x08000185   Thumb Code     0  llushr.o(.text)
    abs                                      0x080001a5   Thumb Code     8  siabs.o(.text)
    __aeabi_memcpy                           0x080001ad   Thumb Code    36  memcpya.o(.text)
    __aeabi_memcpy4                          0x080001ad   Thumb Code     0  memcpya.o(.text)
    __aeabi_memcpy8                          0x080001ad   Thumb Code     0  memcpya.o(.text)
    __aeabi_memset                           0x080001d1   Thumb Code    14  memseta.o(.text)
    __aeabi_memset4                          0x080001d1   Thumb Code     0  memseta.o(.text)
    __aeabi_memset8                          0x080001d1   Thumb Code     0  memseta.o(.text)
    __aeabi_memclr                           0x080001df   Thumb Code     4  memseta.o(.text)
    __aeabi_memclr4                          0x080001df   Thumb Code     0  memseta.o(.text)
    __aeabi_memclr8                          0x080001df   Thumb Code     0  memseta.o(.text)
    _memset$wrapper                          0x080001e3   Thumb Code    18  memseta.o(.text)
    __aeabi_f2d                              0x080001f5   Thumb Code    38  f2d.o(.text)
    __I$use$fp                               0x0800021b   Thumb Code     0  iusefp.o(.text)
    __scatterload                            0x0800021d   Thumb Code    28  init.o(.text)
    __scatterload_rt2                        0x0800021d   Thumb Code     0  init.o(.text)
    __decompress                             0x08000241   Thumb Code     0  __dclz77c.o(.text)
    __decompress2                            0x08000241   Thumb Code    94  __dclz77c.o(.text)
    BusFault_Handler                         0x0800029f   Thumb Code     4  apm32f4xx_int.o(i.BusFault_Handler)
    DAL_DMA_Abort                            0x080002a3   Thumb Code    94  apm32f4xx_dal_dma.o(i.DAL_DMA_Abort)
    DAL_DMA_Abort_IT                         0x08000301   Thumb Code    40  apm32f4xx_dal_dma.o(i.DAL_DMA_Abort_IT)
    DAL_DMA_GetState                         0x08000329   Thumb Code     8  apm32f4xx_dal_dma.o(i.DAL_DMA_GetState)
    DAL_DMA_IRQHandler                       0x08000331   Thumb Code   394  apm32f4xx_dal_dma.o(i.DAL_DMA_IRQHandler)
    DAL_DMA_Init                             0x080004c1   Thumb Code   148  apm32f4xx_dal_dma.o(i.DAL_DMA_Init)
    DAL_DMA_Start_IT                         0x0800055d   Thumb Code   144  apm32f4xx_dal_dma.o(i.DAL_DMA_Start_IT)
    DAL_Delay                                0x080005ed   Thumb Code    36  apm32f4xx_dal.o(i.DAL_Delay)
    DAL_DeviceConfig                         0x08000615   Thumb Code    36  apm32f4xx_device_cfg.o(i.DAL_DeviceConfig)
    DAL_FLASHEx_Erase                        0x08000639   Thumb Code   164  apm32f4xx_dal_flash_ex.o(i.DAL_FLASHEx_Erase)
    DAL_FLASH_Lock                           0x080006e5   Thumb Code    16  apm32f4xx_dal_flash.o(i.DAL_FLASH_Lock)
    DAL_FLASH_Program                        0x080006f9   Thumb Code   170  apm32f4xx_dal_flash.o(i.DAL_FLASH_Program)
    DAL_FLASH_Unlock                         0x080007ad   Thumb Code    36  apm32f4xx_dal_flash.o(i.DAL_FLASH_Unlock)
    DAL_GPIO_Config                          0x080007dd   Thumb Code   324  apm32f4xx_gpio_cfg.o(i.DAL_GPIO_Config)
    DAL_GPIO_Init                            0x08000935   Thumb Code   632  apm32f4xx_dal_gpio.o(i.DAL_GPIO_Init)
    DAL_GPIO_WritePin                        0x08000bc9   Thumb Code    12  apm32f4xx_dal_gpio.o(i.DAL_GPIO_WritePin)
    DAL_GetTick                              0x08000bd5   Thumb Code     6  apm32f4xx_dal.o(i.DAL_GetTick)
    DAL_I2C1_Config                          0x08000be1   Thumb Code    54  apm32f4xx_i2c_cfg.o(i.DAL_I2C1_Config)
    DAL_I2C_AbortCpltCallback                0x08000c25   Thumb Code     2  apm32f4xx_dal_i2c.o(i.DAL_I2C_AbortCpltCallback)
    DAL_I2C_AddrCallback                     0x08000c27   Thumb Code     2  apm32f4xx_dal_i2c.o(i.DAL_I2C_AddrCallback)
    DAL_I2C_ER_IRQHandler                    0x08000c29   Thumb Code   212  apm32f4xx_dal_i2c.o(i.DAL_I2C_ER_IRQHandler)
    DAL_I2C_EV_IRQHandler                    0x08000cfd   Thumb Code   474  apm32f4xx_dal_i2c.o(i.DAL_I2C_EV_IRQHandler)
    DAL_I2C_ErrorCallback                    0x08000ed9   Thumb Code    34  main.o(i.DAL_I2C_ErrorCallback)
    DAL_I2C_Init                             0x08000f0d   Thumb Code   446  apm32f4xx_dal_i2c.o(i.DAL_I2C_Init)
    DAL_I2C_ListenCpltCallback               0x080010dd   Thumb Code     2  apm32f4xx_dal_i2c.o(i.DAL_I2C_ListenCpltCallback)
    DAL_I2C_MasterRxCpltCallback             0x080010df   Thumb Code     2  apm32f4xx_dal_i2c.o(i.DAL_I2C_MasterRxCpltCallback)
    DAL_I2C_MasterTxCpltCallback             0x080010e1   Thumb Code     2  apm32f4xx_dal_i2c.o(i.DAL_I2C_MasterTxCpltCallback)
    DAL_I2C_MemRxCpltCallback                0x080010e3   Thumb Code     2  apm32f4xx_dal_i2c.o(i.DAL_I2C_MemRxCpltCallback)
    DAL_I2C_MemTxCpltCallback                0x080010e5   Thumb Code     2  apm32f4xx_dal_i2c.o(i.DAL_I2C_MemTxCpltCallback)
    DAL_I2C_MspInit                          0x080010e9   Thumb Code   344  apm32f4xx_i2c_cfg.o(i.DAL_I2C_MspInit)
    DAL_I2C_SlaveRxCpltCallback              0x0800125d   Thumb Code   102  main.o(i.DAL_I2C_SlaveRxCpltCallback)
    DAL_I2C_SlaveTxCpltCallback              0x080012e1   Thumb Code    34  main.o(i.DAL_I2C_SlaveTxCpltCallback)
    DAL_I2C_Slave_Receive_IT                 0x08001315   Thumb Code   146  apm32f4xx_dal_i2c.o(i.DAL_I2C_Slave_Receive_IT)
    DAL_I2C_Slave_Transmit_IT                0x080013ad   Thumb Code   146  apm32f4xx_dal_i2c.o(i.DAL_I2C_Slave_Transmit_IT)
    DAL_IncTick                              0x08001445   Thumb Code    16  apm32f4xx_dal.o(i.DAL_IncTick)
    DAL_Init                                 0x0800145d   Thumb Code    54  apm32f4xx_dal.o(i.DAL_Init)
    DAL_InitTick                             0x08001499   Thumb Code    64  apm32f4xx_dal.o(i.DAL_InitTick)
    DAL_MspInit                              0x080014e5   Thumb Code     2  apm32f4xx_dal.o(i.DAL_MspInit)
    DAL_NVIC_Config                          0x080014e9   Thumb Code    72  apm32f4xx_nvic_cfg.o(i.DAL_NVIC_Config)
    DAL_NVIC_EnableIRQ                       0x08001535   Thumb Code    40  apm32f4xx_dal_cortex.o(i.DAL_NVIC_EnableIRQ)
    DAL_NVIC_SetPriority                     0x0800155d   Thumb Code   124  apm32f4xx_dal_cortex.o(i.DAL_NVIC_SetPriority)
    DAL_NVIC_SetPriorityGrouping             0x080015d9   Thumb Code    32  apm32f4xx_dal_cortex.o(i.DAL_NVIC_SetPriorityGrouping)
    DAL_RCMEx_PeriphCLKConfig                0x08001601   Thumb Code   256  apm32f4xx_dal_rcm_ex.o(i.DAL_RCMEx_PeriphCLKConfig)
    DAL_RCM_ClockConfig                      0x0800170d   Thumb Code   382  apm32f4xx_dal_rcm.o(i.DAL_RCM_ClockConfig)
    DAL_RCM_GetHCLKFreq                      0x080018a1   Thumb Code     6  apm32f4xx_dal_rcm.o(i.DAL_RCM_GetHCLKFreq)
    DAL_RCM_GetPCLK1Freq                     0x080018ad   Thumb Code    22  apm32f4xx_dal_rcm.o(i.DAL_RCM_GetPCLK1Freq)
    DAL_RCM_GetSysClockFreq                  0x080018cd   Thumb Code   110  apm32f4xx_dal_rcm.o(i.DAL_RCM_GetSysClockFreq)
    DAL_RCM_OscConfig                        0x08001949   Thumb Code  1056  apm32f4xx_dal_rcm.o(i.DAL_RCM_OscConfig)
    DAL_RCM_PeripheralClkConfig              0x08001d69   Thumb Code     2  apm32f4xx_rcm_cfg.o(i.DAL_RCM_PeripheralClkConfig)
    DAL_SPI1_Config                          0x08001d6d   Thumb Code    58  apm32f4xx_spi_cfg.o(i.DAL_SPI1_Config)
    DAL_SPI2_Config                          0x08001db1   Thumb Code    58  apm32f4xx_spi_cfg.o(i.DAL_SPI2_Config)
    DAL_SPI_Init                             0x08001df5   Thumb Code   204  apm32f4xx_dal_spi.o(i.DAL_SPI_Init)
    DAL_SPI_MspInit                          0x08001ec1   Thumb Code   228  apm32f4xx_spi_cfg.o(i.DAL_SPI_MspInit)
    DAL_SPI_Receive                          0x08001fbd   Thumb Code   568  apm32f4xx_dal_spi.o(i.DAL_SPI_Receive)
    DAL_SPI_Transmit                         0x080021f5   Thumb Code   486  apm32f4xx_dal_spi.o(i.DAL_SPI_Transmit)
    DAL_SPI_TransmitReceive                  0x080023db   Thumb Code   722  apm32f4xx_dal_spi.o(i.DAL_SPI_TransmitReceive)
    DAL_SYSTICK_Config                       0x080026ad   Thumb Code    52  apm32f4xx_dal_cortex.o(i.DAL_SYSTICK_Config)
    DAL_SysClkConfig                         0x080026e1   Thumb Code   120  apm32f4xx_device_cfg.o(i.DAL_SysClkConfig)
    DAL_UARTEx_ReceiveToIdle_DMA             0x08002759   Thumb Code   134  apm32f4xx_dal_uart.o(i.DAL_UARTEx_ReceiveToIdle_DMA)
    DAL_UARTEx_RxEventCallback               0x080027df   Thumb Code     2  apm32f4xx_dal_uart.o(i.DAL_UARTEx_RxEventCallback)
    DAL_UART_DMAStop                         0x080027e1   Thumb Code   138  apm32f4xx_dal_uart.o(i.DAL_UART_DMAStop)
    DAL_UART_ErrorCallback                   0x0800286b   Thumb Code     2  apm32f4xx_dal_uart.o(i.DAL_UART_ErrorCallback)
    DAL_UART_GetState                        0x0800286d   Thumb Code    20  apm32f4xx_dal_uart.o(i.DAL_UART_GetState)
    DAL_UART_IRQHandler                      0x08002881   Thumb Code   738  apm32f4xx_dal_uart.o(i.DAL_UART_IRQHandler)
    DAL_UART_RxCpltCallback                  0x08002b69   Thumb Code     2  apm32f4xx_dal_uart.o(i.DAL_UART_RxCpltCallback)
    DAL_UART_RxHalfCpltCallback              0x08002b6b   Thumb Code     2  apm32f4xx_dal_uart.o(i.DAL_UART_RxHalfCpltCallback)
    DAL_UART_Transmit                        0x08002b6d   Thumb Code   222  apm32f4xx_dal_uart.o(i.DAL_UART_Transmit)
    DAL_UART_TxCpltCallback                  0x08002c4b   Thumb Code     2  apm32f4xx_dal_uart.o(i.DAL_UART_TxCpltCallback)
    DMA1_Channel6_IRQHandler                 0x08002c4d   Thumb Code    26  apm32f4xx_int.o(i.DMA1_Channel6_IRQHandler)
    DMA1_Channel7_IRQHandler                 0x08002c6d   Thumb Code    10  apm32f4xx_int.o(i.DMA1_Channel7_IRQHandler)
    DebugMon_Handler                         0x08002ca9   Thumb Code     2  apm32f4xx_int.o(i.DebugMon_Handler)
    Error_Handler                            0x08002cab   Thumb Code     6  apm32f4xx_device_cfg.o(i.Error_Handler)
    FLASH_FlushCaches                        0x08002cb1   Thumb Code   114  apm32f4xx_dal_flash_ex.o(i.FLASH_FlushCaches)
    FLASH_PageErase                          0x08002d51   Thumb Code    32  apm32f4xx_dal_flash_ex.o(i.FLASH_PageErase)
    FLASH_WaitForLastOperation               0x08002e09   Thumb Code   104  apm32f4xx_dal_flash.o(i.FLASH_WaitForLastOperation)
    Flash_Read                               0x08002e81   Thumb Code    64  flash_read_write.o(i.Flash_Read)
    Flash_Write                              0x08002ecf   Thumb Code   328  flash_read_write.o(i.Flash_Write)
    HardFault_Handler                        0x08003135   Thumb Code     4  apm32f4xx_int.o(i.HardFault_Handler)
    I2C1_ER_IRQHandler                       0x08003139   Thumb Code    10  main.o(i.I2C1_ER_IRQHandler)
    I2C1_EV_IRQHandler                       0x08003149   Thumb Code    10  main.o(i.I2C1_EV_IRQHandler)
    MemManage_Handler                        0x08003fd5   Thumb Code     4  apm32f4xx_int.o(i.MemManage_Handler)
    NMI_Handler                              0x08003fd9   Thumb Code     2  apm32f4xx_int.o(i.NMI_Handler)
    NSA2302_READ_CALIBRATE                   0x08003fdd   Thumb Code   918  main.o(i.NSA2302_READ_CALIBRATE)
    PendSV_Handler                           0x0800439d   Thumb Code     2  apm32f4xx_int.o(i.PendSV_Handler)
    SPI_CS_Init                              0x080043a1   Thumb Code   214  apm32f4xx_spi_cfg.o(i.SPI_CS_Init)
    SVC_Handler                              0x08004661   Thumb Code     2  apm32f4xx_int.o(i.SVC_Handler)
    Spi_ReadReg                              0x08004665   Thumb Code   104  main.o(i.Spi_ReadReg)
    Spi_WriteReg                             0x080046d9   Thumb Code   106  main.o(i.Spi_WriteReg)
    SysTick_Handler                          0x08004751   Thumb Code     8  apm32f4xx_int.o(i.SysTick_Handler)
    SystemInit                               0x08004759   Thumb Code   128  system_apm32f4xx.o(i.SystemInit)
    UART_Start_Receive_DMA                   0x08004add   Thumb Code   196  apm32f4xx_dal_uart.o(i.UART_Start_Receive_DMA)
    USART1_IRQHandler                        0x08004ca1   Thumb Code    10  apm32f4xx_int.o(i.USART1_IRQHandler)
    USART2_IRQHandler                        0x08004cb1   Thumb Code    10  apm32f4xx_int.o(i.USART2_IRQHandler)
    UsageFault_Handler                       0x08004cc1   Thumb Code     4  apm32f4xx_int.o(i.UsageFault_Handler)
    __hardfp_sqrtf                           0x08004cfd   Thumb Code    58  sqrtf.o(i.__hardfp_sqrtf)
    __scatterload_copy                       0x08004d37   Thumb Code    14  handlers.o(i.__scatterload_copy)
    __scatterload_null                       0x08004d45   Thumb Code     2  handlers.o(i.__scatterload_null)
    __scatterload_zeroinit                   0x08004d47   Thumb Code    14  handlers.o(i.__scatterload_zeroinit)
    __set_errno                              0x08004d55   Thumb Code     6  errno.o(i.__set_errno)
    cos_calculate                            0x08004d61   Thumb Code   162  main.o(i.cos_calculate)
    dot_product                              0x08004e11   Thumb Code    52  main.o(i.dot_product)
    find_nearest_samples                     0x08004e49   Thumb Code   270  main.o(i.find_nearest_samples)
    main                                     0x08004f69   Thumb Code  1166  main.o(i.main)
    predict_position_and_F                   0x08005411   Thumb Code   512  main.o(i.predict_position_and_F)
    process_24bit_signed                     0x0800561d   Thumb Code    36  main.o(i.process_24bit_signed)
    rs485_com_send_by_dma                    0x08005641   Thumb Code    86  main.o(i.rs485_com_send_by_dma)
    vector_norm2                             0x080056a5   Thumb Code    70  main.o(i.vector_norm2)
    AHBPrescTable                            0x080056f0   Data          16  system_apm32f4xx.o(.constdata)
    APBPrescTable                            0x08005700   Data           8  system_apm32f4xx.o(.constdata)
    Region$$Table$$Base                      0x08005708   Number         0  anon$$obj.o(Region$$Table)
    Region$$Table$$Limit                     0x08005728   Number         0  anon$$obj.o(Region$$Table)
    SystemCoreClock                          0x20000000   Data           4  system_apm32f4xx.o(.data)
    uwTick                                   0x20000004   Data           4  apm32f4xx_dal.o(.data)
    uwTickPrio                               0x20000008   Data           4  apm32f4xx_dal.o(.data)
    uwTickFreq                               0x2000000c   Data           1  apm32f4xx_dal.o(.data)
    seq                                      0x20000010   Data           4  main.o(.data)
    temperature                              0x20000018   Data           8  main.o(.data)
    rs485_addr_flag                          0x20000025   Data           1  main.o(.data)
    rs485_temp_cali_reg_flag                 0x20000026   Data           1  main.o(.data)
    rs485_temp_read_cali_reg_flag            0x20000027   Data           1  main.o(.data)
    rs485_temp_collector_flag                0x20000028   Data           1  main.o(.data)
    uart_dma_flag                            0x20000029   Data           1  main.o(.data)
    NSA2302_CS_PORT                          0x20000030   Data          16  main.o(.data)
    NSA2302_CS_PIN                           0x20000040   Data           8  main.o(.data)
    ss                                       0x20000048   Data        1680  main.o(.data)
    ss_count                                 0x200006d8   Data           4  main.o(.data)
    s_count                                  0x200006dc   Data           4  main.o(.data)
    clkfreq                                  0x200006e0   Data           4  main.o(.data)
    i2c_tx_done                              0x200006e4   Data           1  main.o(.data)
    i2c_err                                  0x200006e8   Data           4  main.o(.data)
    pFlash                                   0x200006f0   Data          32  apm32f4xx_dal_flash.o(.bss)
    huart1                                   0x20000710   Data          72  apm32f4xx_usart_cfg.o(.bss)
    hdma_usart1Tx                            0x20000758   Data          76  apm32f4xx_usart_cfg.o(.bss)
    hdma_usart1Rx                            0x200007a4   Data          76  apm32f4xx_usart_cfg.o(.bss)
    huart2                                   0x200007f0   Data          72  apm32f4xx_usart_cfg.o(.bss)
    hdma_usart2Tx                            0x20000838   Data          76  apm32f4xx_usart_cfg.o(.bss)
    hdma_usart2Rx                            0x20000884   Data          76  apm32f4xx_usart_cfg.o(.bss)
    hspi1                                    0x200008d0   Data          88  apm32f4xx_spi_cfg.o(.bss)
    hspi2                                    0x20000928   Data          88  apm32f4xx_spi_cfg.o(.bss)
    hi2c1                                    0x20000980   Data          84  apm32f4xx_i2c_cfg.o(.bss)
    hdma_i2c1_tx                             0x200009d4   Data          76  apm32f4xx_i2c_cfg.o(.bss)
    hdma_i2c1_rx                             0x20000a20   Data          76  apm32f4xx_i2c_cfg.o(.bss)
    pressor                                  0x20000cc4   Data          16  main.o(.bss)
    pressor_cali                             0x20000cd4   Data          16  main.o(.bss)
    pressor_real                             0x20000ce4   Data          16  main.o(.bss)
    s                                        0x20000dbc   Data          16  main.o(.bss)
    results                                  0x20000dcc   Data          12  main.o(.bss)
    __initial_sp                             0x200015d8   Data           0  startup_apm32f402xx.o(STACK)



==============================================================================

Memory Map of the image

  Image Entry point : 0x08000149

  Load Region LR_IROM1 (Base: 0x08000000, Size: 0x00005e18, Max: 0x00020000, ABSOLUTE, COMPRESSED[0x00005cbc])

    Execution Region ER_IROM1 (Exec base: 0x08000000, Load base: 0x08000000, Size: 0x00005728, Max: 0x00020000, ABSOLUTE)

    Exec Addr    Load Addr    Size         Type   Attr      Idx    E Section Name        Object

    0x08000000   0x08000000   0x00000148   Data   RO          135    RESET               startup_apm32f402xx.o
    0x08000148   0x08000148   0x00000000   Code   RO         3114  * .ARM.Collect$$$$00000000  mc_w.l(entry.o)
    0x08000148   0x08000148   0x00000004   Code   RO         3164    .ARM.Collect$$$$00000001  mc_w.l(entry2.o)
    0x0800014c   0x0800014c   0x00000004   Code   RO         3167    .ARM.Collect$$$$00000004  mc_w.l(entry5.o)
    0x08000150   0x08000150   0x00000000   Code   RO         3169    .ARM.Collect$$$$00000008  mc_w.l(entry7b.o)
    0x08000150   0x08000150   0x00000000   Code   RO         3171    .ARM.Collect$$$$0000000A  mc_w.l(entry8b.o)
    0x08000150   0x08000150   0x00000008   Code   RO         3172    .ARM.Collect$$$$0000000B  mc_w.l(entry9a.o)
    0x08000158   0x08000158   0x00000004   Code   RO         3179    .ARM.Collect$$$$0000000E  mc_w.l(entry12b.o)
    0x0800015c   0x0800015c   0x00000000   Code   RO         3174    .ARM.Collect$$$$0000000F  mc_w.l(entry10a.o)
    0x0800015c   0x0800015c   0x00000000   Code   RO         3176    .ARM.Collect$$$$00000011  mc_w.l(entry11a.o)
    0x0800015c   0x0800015c   0x00000004   Code   RO         3165    .ARM.Collect$$$$00002712  mc_w.l(entry2.o)
    0x08000160   0x08000160   0x00000024   Code   RO          136    .text               startup_apm32f402xx.o
    0x08000184   0x08000184   0x00000020   Code   RO         3122    .text               mc_w.l(llushr.o)
    0x080001a4   0x080001a4   0x00000008   Code   RO         3124    .text               mc_w.l(siabs.o)
    0x080001ac   0x080001ac   0x00000024   Code   RO         3128    .text               mc_w.l(memcpya.o)
    0x080001d0   0x080001d0   0x00000024   Code   RO         3130    .text               mc_w.l(memseta.o)
    0x080001f4   0x080001f4   0x00000026   Code   RO         3162    .text               mf_w.l(f2d.o)
    0x0800021a   0x0800021a   0x00000000   Code   RO         3191    .text               mc_w.l(iusefp.o)
    0x0800021a   0x0800021a   0x00000002   PAD
    0x0800021c   0x0800021c   0x00000024   Code   RO         3202    .text               mc_w.l(init.o)
    0x08000240   0x08000240   0x0000005e   Code   RO         3216    .text               mc_w.l(__dclz77c.o)
    0x0800029e   0x0800029e   0x00000004   Code   RO         2772    i.BusFault_Handler  apm32f4xx_int.o
    0x080002a2   0x080002a2   0x0000005e   Code   RO          461    i.DAL_DMA_Abort     apm32f4xx_dal_dma.o
    0x08000300   0x08000300   0x00000028   Code   RO          462    i.DAL_DMA_Abort_IT  apm32f4xx_dal_dma.o
    0x08000328   0x08000328   0x00000008   Code   RO          465    i.DAL_DMA_GetState  apm32f4xx_dal_dma.o
    0x08000330   0x08000330   0x00000190   Code   RO          466    i.DAL_DMA_IRQHandler  apm32f4xx_dal_dma.o
    0x080004c0   0x080004c0   0x0000009c   Code   RO          467    i.DAL_DMA_Init      apm32f4xx_dal_dma.o
    0x0800055c   0x0800055c   0x00000090   Code   RO          471    i.DAL_DMA_Start_IT  apm32f4xx_dal_dma.o
    0x080005ec   0x080005ec   0x00000028   Code   RO          150    i.DAL_Delay         apm32f4xx_dal.o
    0x08000614   0x08000614   0x00000024   Code   RO         2444    i.DAL_DeviceConfig  apm32f4xx_device_cfg.o
    0x08000638   0x08000638   0x000000ac   Code   RO          695    i.DAL_FLASHEx_Erase  apm32f4xx_dal_flash_ex.o
    0x080006e4   0x080006e4   0x00000014   Code   RO          595    i.DAL_FLASH_Lock    apm32f4xx_dal_flash.o
    0x080006f8   0x080006f8   0x000000b4   Code   RO          600    i.DAL_FLASH_Program  apm32f4xx_dal_flash.o
    0x080007ac   0x080007ac   0x00000030   Code   RO          602    i.DAL_FLASH_Unlock  apm32f4xx_dal_flash.o
    0x080007dc   0x080007dc   0x00000158   Code   RO         2543    i.DAL_GPIO_Config   apm32f4xx_gpio_cfg.o
    0x08000934   0x08000934   0x00000294   Code   RO          810    i.DAL_GPIO_Init     apm32f4xx_dal_gpio.o
    0x08000bc8   0x08000bc8   0x0000000c   Code   RO          814    i.DAL_GPIO_WritePin  apm32f4xx_dal_gpio.o
    0x08000bd4   0x08000bd4   0x0000000c   Code   RO          154    i.DAL_GetTick       apm32f4xx_dal.o
    0x08000be0   0x08000be0   0x00000044   Code   RO         2733    i.DAL_I2C1_Config   apm32f4xx_i2c_cfg.o
    0x08000c24   0x08000c24   0x00000002   Code   RO         1528    i.DAL_I2C_AbortCpltCallback  apm32f4xx_dal_i2c.o
    0x08000c26   0x08000c26   0x00000002   Code   RO         1529    i.DAL_I2C_AddrCallback  apm32f4xx_dal_i2c.o
    0x08000c28   0x08000c28   0x000000d4   Code   RO         1532    i.DAL_I2C_ER_IRQHandler  apm32f4xx_dal_i2c.o
    0x08000cfc   0x08000cfc   0x000001da   Code   RO         1533    i.DAL_I2C_EV_IRQHandler  apm32f4xx_dal_i2c.o
    0x08000ed6   0x08000ed6   0x00000002   PAD
    0x08000ed8   0x08000ed8   0x00000034   Code   RO         2872    i.DAL_I2C_ErrorCallback  main.o
    0x08000f0c   0x08000f0c   0x000001d0   Code   RO         1539    i.DAL_I2C_Init      apm32f4xx_dal_i2c.o
    0x080010dc   0x080010dc   0x00000002   Code   RO         1541    i.DAL_I2C_ListenCpltCallback  apm32f4xx_dal_i2c.o
    0x080010de   0x080010de   0x00000002   Code   RO         1542    i.DAL_I2C_MasterRxCpltCallback  apm32f4xx_dal_i2c.o
    0x080010e0   0x080010e0   0x00000002   Code   RO         1543    i.DAL_I2C_MasterTxCpltCallback  apm32f4xx_dal_i2c.o
    0x080010e2   0x080010e2   0x00000002   Code   RO         1555    i.DAL_I2C_MemRxCpltCallback  apm32f4xx_dal_i2c.o
    0x080010e4   0x080010e4   0x00000002   Code   RO         1556    i.DAL_I2C_MemTxCpltCallback  apm32f4xx_dal_i2c.o
    0x080010e6   0x080010e6   0x00000002   PAD
    0x080010e8   0x080010e8   0x00000174   Code   RO         2735    i.DAL_I2C_MspInit   apm32f4xx_i2c_cfg.o
    0x0800125c   0x0800125c   0x00000084   Code   RO         2873    i.DAL_I2C_SlaveRxCpltCallback  main.o
    0x080012e0   0x080012e0   0x00000034   Code   RO         2874    i.DAL_I2C_SlaveTxCpltCallback  main.o
    0x08001314   0x08001314   0x00000098   Code   RO         1569    i.DAL_I2C_Slave_Receive_IT  apm32f4xx_dal_i2c.o
    0x080013ac   0x080013ac   0x00000098   Code   RO         1576    i.DAL_I2C_Slave_Transmit_IT  apm32f4xx_dal_i2c.o
    0x08001444   0x08001444   0x00000018   Code   RO          160    i.DAL_IncTick       apm32f4xx_dal.o
    0x0800145c   0x0800145c   0x0000003c   Code   RO          161    i.DAL_Init          apm32f4xx_dal.o
    0x08001498   0x08001498   0x0000004c   Code   RO          162    i.DAL_InitTick      apm32f4xx_dal.o
    0x080014e4   0x080014e4   0x00000002   Code   RO          164    i.DAL_MspInit       apm32f4xx_dal.o
    0x080014e6   0x080014e6   0x00000002   PAD
    0x080014e8   0x080014e8   0x0000004c   Code   RO         2567    i.DAL_NVIC_Config   apm32f4xx_nvic_cfg.o
    0x08001534   0x08001534   0x00000028   Code   RO          326    i.DAL_NVIC_EnableIRQ  apm32f4xx_dal_cortex.o
    0x0800155c   0x0800155c   0x0000007c   Code   RO          332    i.DAL_NVIC_SetPriority  apm32f4xx_dal_cortex.o
    0x080015d8   0x080015d8   0x00000028   Code   RO          333    i.DAL_NVIC_SetPriorityGrouping  apm32f4xx_dal_cortex.o
    0x08001600   0x08001600   0x0000010c   Code   RO         1115    i.DAL_RCMEx_PeriphCLKConfig  apm32f4xx_dal_rcm_ex.o
    0x0800170c   0x0800170c   0x00000194   Code   RO         1012    i.DAL_RCM_ClockConfig  apm32f4xx_dal_rcm.o
    0x080018a0   0x080018a0   0x0000000c   Code   RO         1017    i.DAL_RCM_GetHCLKFreq  apm32f4xx_dal_rcm.o
    0x080018ac   0x080018ac   0x00000020   Code   RO         1019    i.DAL_RCM_GetPCLK1Freq  apm32f4xx_dal_rcm.o
    0x080018cc   0x080018cc   0x0000007c   Code   RO         1021    i.DAL_RCM_GetSysClockFreq  apm32f4xx_dal_rcm.o
    0x08001948   0x08001948   0x00000420   Code   RO         1024    i.DAL_RCM_OscConfig  apm32f4xx_dal_rcm.o
    0x08001d68   0x08001d68   0x00000002   Code   RO         2519    i.DAL_RCM_PeripheralClkConfig  apm32f4xx_rcm_cfg.o
    0x08001d6a   0x08001d6a   0x00000002   PAD
    0x08001d6c   0x08001d6c   0x00000044   Code   RO         2646    i.DAL_SPI1_Config   apm32f4xx_spi_cfg.o
    0x08001db0   0x08001db0   0x00000044   Code   RO         2648    i.DAL_SPI2_Config   apm32f4xx_spi_cfg.o
    0x08001df4   0x08001df4   0x000000cc   Code   RO         2034    i.DAL_SPI_Init      apm32f4xx_dal_spi.o
    0x08001ec0   0x08001ec0   0x000000fc   Code   RO         2651    i.DAL_SPI_MspInit   apm32f4xx_spi_cfg.o
    0x08001fbc   0x08001fbc   0x00000238   Code   RO         2037    i.DAL_SPI_Receive   apm32f4xx_dal_spi.o
    0x080021f4   0x080021f4   0x000001e6   Code   RO         2042    i.DAL_SPI_Transmit  apm32f4xx_dal_spi.o
    0x080023da   0x080023da   0x000002d2   Code   RO         2043    i.DAL_SPI_TransmitReceive  apm32f4xx_dal_spi.o
    0x080026ac   0x080026ac   0x00000034   Code   RO          337    i.DAL_SYSTICK_Config  apm32f4xx_dal_cortex.o
    0x080026e0   0x080026e0   0x00000078   Code   RO         2446    i.DAL_SysClkConfig  apm32f4xx_device_cfg.o
    0x08002758   0x08002758   0x00000086   Code   RO         1165    i.DAL_UARTEx_ReceiveToIdle_DMA  apm32f4xx_dal_uart.o
    0x080027de   0x080027de   0x00000002   Code   RO         1167    i.DAL_UARTEx_RxEventCallback  apm32f4xx_dal_uart.o
    0x080027e0   0x080027e0   0x0000008a   Code   RO         1179    i.DAL_UART_DMAStop  apm32f4xx_dal_uart.o
    0x0800286a   0x0800286a   0x00000002   Code   RO         1181    i.DAL_UART_ErrorCallback  apm32f4xx_dal_uart.o
    0x0800286c   0x0800286c   0x00000014   Code   RO         1183    i.DAL_UART_GetState  apm32f4xx_dal_uart.o
    0x08002880   0x08002880   0x000002e8   Code   RO         1184    i.DAL_UART_IRQHandler  apm32f4xx_dal_uart.o
    0x08002b68   0x08002b68   0x00000002   Code   RO         1191    i.DAL_UART_RxCpltCallback  apm32f4xx_dal_uart.o
    0x08002b6a   0x08002b6a   0x00000002   Code   RO         1192    i.DAL_UART_RxHalfCpltCallback  apm32f4xx_dal_uart.o
    0x08002b6c   0x08002b6c   0x000000de   Code   RO         1193    i.DAL_UART_Transmit  apm32f4xx_dal_uart.o
    0x08002c4a   0x08002c4a   0x00000002   Code   RO         1196    i.DAL_UART_TxCpltCallback  apm32f4xx_dal_uart.o
    0x08002c4c   0x08002c4c   0x00000020   Code   RO         2773    i.DMA1_Channel6_IRQHandler  apm32f4xx_int.o
    0x08002c6c   0x08002c6c   0x00000010   Code   RO         2774    i.DMA1_Channel7_IRQHandler  apm32f4xx_int.o
    0x08002c7c   0x08002c7c   0x0000002c   Code   RO          473    i.DMA_SetConfig     apm32f4xx_dal_dma.o
    0x08002ca8   0x08002ca8   0x00000002   Code   RO         2775    i.DebugMon_Handler  apm32f4xx_int.o
    0x08002caa   0x08002caa   0x00000006   Code   RO         2448    i.Error_Handler     apm32f4xx_device_cfg.o
    0x08002cb0   0x08002cb0   0x00000078   Code   RO          701    i.FLASH_FlushCaches  apm32f4xx_dal_flash_ex.o
    0x08002d28   0x08002d28   0x00000028   Code   RO          702    i.FLASH_MassErase   apm32f4xx_dal_flash_ex.o
    0x08002d50   0x08002d50   0x00000028   Code   RO          711    i.FLASH_PageErase   apm32f4xx_dal_flash_ex.o
    0x08002d78   0x08002d78   0x00000020   Code   RO          603    i.FLASH_Program_HalfWord  apm32f4xx_dal_flash.o
    0x08002d98   0x08002d98   0x00000070   Code   RO          604    i.FLASH_SetErrorCode  apm32f4xx_dal_flash.o
    0x08002e08   0x08002e08   0x00000070   Code   RO          605    i.FLASH_WaitForLastOperation  apm32f4xx_dal_flash.o
    0x08002e78   0x08002e78   0x00000008   Code   RO         3058    i.Flash_GetPageNum  flash_read_write.o
    0x08002e80   0x08002e80   0x00000048   Code   RO         3059    i.Flash_Read        flash_read_write.o
    0x08002ec8   0x08002ec8   0x00000006   Code   RO         3060    i.Flash_ReadByte    flash_read_write.o
    0x08002ece   0x08002ece   0x00000148   Code   RO         3061    i.Flash_Write       flash_read_write.o
    0x08003016   0x08003016   0x00000002   PAD
    0x08003018   0x08003018   0x0000011c   Code   RO         3062    i.Flash_WriteOnePage  flash_read_write.o
    0x08003134   0x08003134   0x00000004   Code   RO         2776    i.HardFault_Handler  apm32f4xx_int.o
    0x08003138   0x08003138   0x00000010   Code   RO         2875    i.I2C1_ER_IRQHandler  main.o
    0x08003148   0x08003148   0x00000010   Code   RO         2876    i.I2C1_EV_IRQHandler  main.o
    0x08003158   0x08003158   0x0000001c   Code   RO         1577    i.I2C_ConvertOtherXferOptions  apm32f4xx_dal_i2c.o
    0x08003174   0x08003174   0x000000f8   Code   RO         1578    i.I2C_DMAAbort      apm32f4xx_dal_i2c.o
    0x0800326c   0x0800326c   0x00000012   Code   RO         1581    i.I2C_Flush_DATA    apm32f4xx_dal_i2c.o
    0x0800327e   0x0800327e   0x00000002   PAD
    0x08003280   0x08003280   0x000001ac   Code   RO         1582    i.I2C_ITError       apm32f4xx_dal_i2c.o
    0x0800342c   0x0800342c   0x00000134   Code   RO         1584    i.I2C_MasterReceive_BTF  apm32f4xx_dal_i2c.o
    0x08003560   0x08003560   0x00000104   Code   RO         1585    i.I2C_MasterReceive_RXNE  apm32f4xx_dal_i2c.o
    0x08003664   0x08003664   0x000000a0   Code   RO         1588    i.I2C_MasterTransmit_BTF  apm32f4xx_dal_i2c.o
    0x08003704   0x08003704   0x000000d8   Code   RO         1589    i.I2C_MasterTransmit_TXE  apm32f4xx_dal_i2c.o
    0x080037dc   0x080037dc   0x0000002a   Code   RO         1590    i.I2C_Master_ADD10  apm32f4xx_dal_i2c.o
    0x08003806   0x08003806   0x00000268   Code   RO         1591    i.I2C_Master_ADDR   apm32f4xx_dal_i2c.o
    0x08003a6e   0x08003a6e   0x0000009e   Code   RO         1592    i.I2C_Master_SB     apm32f4xx_dal_i2c.o
    0x08003b0c   0x08003b0c   0x000000c6   Code   RO         1593    i.I2C_MemoryTransmit_TXE_BTF  apm32f4xx_dal_i2c.o
    0x08003bd2   0x08003bd2   0x00000002   PAD
    0x08003bd4   0x08003bd4   0x0000004c   Code   RO         2877    i.I2C_PrepareTxFromLatestFrames  main.o
    0x08003c20   0x08003c20   0x0000001a   Code   RO         1596    i.I2C_SlaveReceive_BTF  apm32f4xx_dal_i2c.o
    0x08003c3a   0x08003c3a   0x00000046   Code   RO         1597    i.I2C_SlaveReceive_RXNE  apm32f4xx_dal_i2c.o
    0x08003c80   0x08003c80   0x0000001a   Code   RO         1598    i.I2C_SlaveTransmit_BTF  apm32f4xx_dal_i2c.o
    0x08003c9a   0x08003c9a   0x00000046   Code   RO         1599    i.I2C_SlaveTransmit_TXE  apm32f4xx_dal_i2c.o
    0x08003ce0   0x08003ce0   0x00000070   Code   RO         1600    i.I2C_Slave_ADDR    apm32f4xx_dal_i2c.o
    0x08003d50   0x08003d50   0x000000a8   Code   RO         1601    i.I2C_Slave_AF      apm32f4xx_dal_i2c.o
    0x08003df8   0x08003df8   0x0000018c   Code   RO         1602    i.I2C_Slave_STOPF   apm32f4xx_dal_i2c.o
    0x08003f84   0x08003f84   0x00000050   Code   RO         1608    i.I2C_WaitOnSTOPRequestThroughIT  apm32f4xx_dal_i2c.o
    0x08003fd4   0x08003fd4   0x00000004   Code   RO         2777    i.MemManage_Handler  apm32f4xx_int.o
    0x08003fd8   0x08003fd8   0x00000002   Code   RO         2778    i.NMI_Handler       apm32f4xx_int.o
    0x08003fda   0x08003fda   0x00000002   PAD
    0x08003fdc   0x08003fdc   0x000003c0   Code   RO         2879    i.NSA2302_READ_CALIBRATE  main.o
    0x0800439c   0x0800439c   0x00000002   Code   RO         2779    i.PendSV_Handler    apm32f4xx_int.o
    0x0800439e   0x0800439e   0x00000002   PAD
    0x080043a0   0x080043a0   0x000000e8   Code   RO         2654    i.SPI_CS_Init       apm32f4xx_spi_cfg.o
    0x08004488   0x08004488   0x00000094   Code   RO         2073    i.SPI_EndRxTransaction  apm32f4xx_dal_spi.o
    0x0800451c   0x0800451c   0x0000006c   Code   RO         2074    i.SPI_EndRxTxTransaction  apm32f4xx_dal_spi.o
    0x08004588   0x08004588   0x000000d8   Code   RO         2081    i.SPI_WaitFlagStateUntilTimeout  apm32f4xx_dal_spi.o
    0x08004660   0x08004660   0x00000002   Code   RO         2780    i.SVC_Handler       apm32f4xx_int.o
    0x08004662   0x08004662   0x00000002   PAD
    0x08004664   0x08004664   0x00000074   Code   RO         2881    i.Spi_ReadReg       main.o
    0x080046d8   0x080046d8   0x00000078   Code   RO         2882    i.Spi_WriteReg      main.o
    0x08004750   0x08004750   0x00000008   Code   RO         2781    i.SysTick_Handler   apm32f4xx_int.o
    0x08004758   0x08004758   0x00000098   Code   RO            5    i.SystemInit        system_apm32f4xx.o
    0x080047f0   0x080047f0   0x00000014   Code   RO         1198    i.UART_DMAAbortOnError  apm32f4xx_dal_uart.o
    0x08004804   0x08004804   0x00000050   Code   RO         1199    i.UART_DMAError     apm32f4xx_dal_uart.o
    0x08004854   0x08004854   0x000000b4   Code   RO         1200    i.UART_DMAReceiveCplt  apm32f4xx_dal_uart.o
    0x08004908   0x08004908   0x00000024   Code   RO         1202    i.UART_DMARxHalfCplt  apm32f4xx_dal_uart.o
    0x0800492c   0x0800492c   0x0000006c   Code   RO         1208    i.UART_EndRxTransfer  apm32f4xx_dal_uart.o
    0x08004998   0x08004998   0x00000020   Code   RO         1209    i.UART_EndTransmit_IT  apm32f4xx_dal_uart.o
    0x080049b8   0x080049b8   0x00000026   Code   RO         1210    i.UART_EndTxTransfer  apm32f4xx_dal_uart.o
    0x080049de   0x080049de   0x000000fc   Code   RO         1211    i.UART_Receive_IT   apm32f4xx_dal_uart.o
    0x08004ada   0x08004ada   0x00000002   PAD
    0x08004adc   0x08004adc   0x000000d0   Code   RO         1213    i.UART_Start_Receive_DMA  apm32f4xx_dal_uart.o
    0x08004bac   0x08004bac   0x00000060   Code   RO         1215    i.UART_Transmit_IT  apm32f4xx_dal_uart.o
    0x08004c0c   0x08004c0c   0x00000092   Code   RO         1216    i.UART_WaitOnFlagUntilTimeout  apm32f4xx_dal_uart.o
    0x08004c9e   0x08004c9e   0x00000002   PAD
    0x08004ca0   0x08004ca0   0x00000010   Code   RO         2782    i.USART1_IRQHandler  apm32f4xx_int.o
    0x08004cb0   0x08004cb0   0x00000010   Code   RO         2783    i.USART2_IRQHandler  apm32f4xx_int.o
    0x08004cc0   0x08004cc0   0x00000004   Code   RO         2784    i.UsageFault_Handler  apm32f4xx_int.o
    0x08004cc4   0x08004cc4   0x00000010   Code   RO          339    i.__NVIC_GetPriorityGrouping  apm32f4xx_dal_cortex.o
    0x08004cd4   0x08004cd4   0x00000028   Code   RO          340    i.__NVIC_SetPriority  apm32f4xx_dal_cortex.o
    0x08004cfc   0x08004cfc   0x0000003a   Code   RO         3102    i.__hardfp_sqrtf    m_wm.l(sqrtf.o)
    0x08004d36   0x08004d36   0x0000000e   Code   RO         3210    i.__scatterload_copy  mc_w.l(handlers.o)
    0x08004d44   0x08004d44   0x00000002   Code   RO         3211    i.__scatterload_null  mc_w.l(handlers.o)
    0x08004d46   0x08004d46   0x0000000e   Code   RO         3212    i.__scatterload_zeroinit  mc_w.l(handlers.o)
    0x08004d54   0x08004d54   0x0000000c   Code   RO         3186    i.__set_errno       mc_w.l(errno.o)
    0x08004d60   0x08004d60   0x000000b0   Code   RO         2883    i.cos_calculate     main.o
    0x08004e10   0x08004e10   0x00000038   Code   RO         2884    i.dot_product       main.o
    0x08004e48   0x08004e48   0x00000120   Code   RO         2885    i.find_nearest_samples  main.o
    0x08004f68   0x08004f68   0x000004a8   Code   RO         2886    i.main              main.o
    0x08005410   0x08005410   0x0000020c   Code   RO         2887    i.predict_position_and_F  main.o
    0x0800561c   0x0800561c   0x00000024   Code   RO         2888    i.process_24bit_signed  main.o
    0x08005640   0x08005640   0x00000064   Code   RO         2889    i.rs485_com_send_by_dma  main.o
    0x080056a4   0x080056a4   0x0000004c   Code   RO         2890    i.vector_norm2      main.o
    0x080056f0   0x080056f0   0x00000018   Data   RO            6    .constdata          system_apm32f4xx.o
    0x08005708   0x08005708   0x00000020   Data   RO         3208    Region$$Table       anon$$obj.o


    Execution Region RW_IRAM1 (Exec base: 0x20000000, Load base: 0x08005728, Size: 0x000015d8, Max: 0x00008000, ABSOLUTE, COMPRESSED[0x00000594])

    Exec Addr    Load Addr    Size         Type   Attr      Idx    E Section Name        Object

    0x20000000   COMPRESSED   0x00000004   Data   RW            7    .data               system_apm32f4xx.o
    0x20000004   COMPRESSED   0x00000009   Data   RW          168    .data               apm32f4xx_dal.o
    0x2000000d   COMPRESSED   0x00000003   PAD
    0x20000010   COMPRESSED   0x000006dc   Data   RW         2892    .data               main.o
    0x200006ec   COMPRESSED   0x00000004   Data   RW         3187    .data               mc_w.l(errno.o)
    0x200006f0        -       0x00000020   Zero   RW          606    .bss                apm32f4xx_dal_flash.o
    0x20000710        -       0x000001c0   Zero   RW         2596    .bss                apm32f4xx_usart_cfg.o
    0x200008d0        -       0x000000b0   Zero   RW         2657    .bss                apm32f4xx_spi_cfg.o
    0x20000980        -       0x000000ec   Zero   RW         2736    .bss                apm32f4xx_i2c_cfg.o
    0x20000a6c        -       0x0000036c   Zero   RW         2891    .bss                main.o
    0x20000dd8        -       0x00000400   Zero   RW         3063    .bss                flash_read_write.o
    0x200011d8        -       0x00000400   Zero   RW          133    STACK               startup_apm32f402xx.o


==============================================================================

Image component sizes


      Code (inc. data)   RO Data    RW Data    ZI Data      Debug   Object Name

       214         36          0          9          0       8211   apm32f4xx_dal.o
       312         22          0          0          0      35567   apm32f4xx_dal_cortex.o
       886         14          0          0          0       7429   apm32f4xx_dal_dma.o
       504         52          0          0         32       5474   apm32f4xx_dal_flash.o
       372         32          0          0          0       4243   apm32f4xx_dal_flash_ex.o
       672         28          0          0          0       3184   apm32f4xx_dal_gpio.o
      5096         66          0          0          0      31056   apm32f4xx_dal_i2c.o
      1628         70          0          0          0       6133   apm32f4xx_dal_rcm.o
       268         12          0          0          0       1812   apm32f4xx_dal_rcm_ex.o
      2452         14          0          0          0       9710   apm32f4xx_dal_spi.o
      2464         18          0          0          0      20805   apm32f4xx_dal_uart.o
       162          0          0          0          0       2166   apm32f4xx_device_cfg.o
       344         20          0          0          0       1522   apm32f4xx_gpio_cfg.o
       440         42          0          0        236       2778   apm32f4xx_i2c_cfg.o
       112         24          0          0          0       7944   apm32f4xx_int.o
        76          4          0          0          0       1306   apm32f4xx_nvic_cfg.o
         2          0          0          0          0        642   apm32f4xx_rcm_cfg.o
       620         62          0          0        176       4330   apm32f4xx_spi_cfg.o
         0          0          0          0        448        564   apm32f4xx_usart_cfg.o
       698         22          0          0       1024       5783   flash_read_write.o
      3988        308          0       1756        876      19712   main.o
        36          8        328          0       1024        920   startup_apm32f402xx.o
       152         24         24          4          0     511843   system_apm32f4xx.o

    ----------------------------------------------------------------------
     21522        878        384       1772       3816     693134   Object Totals
         0          0         32          0          0          0   (incl. Generated)
        24          0          0          3          0          0   (incl. Padding)

    ----------------------------------------------------------------------

      Code (inc. data)   RO Data    RW Data    ZI Data      Debug   Library Member Name

        58          0          0          0          0        136   sqrtf.o
        94          0          0          0          0          0   __dclz77c.o
         0          0          0          0          0          0   entry.o
         0          0          0          0          0          0   entry10a.o
         0          0          0          0          0          0   entry11a.o
         4          0          0          0          0          0   entry12b.o
         8          4          0          0          0          0   entry2.o
         4          0          0          0          0          0   entry5.o
         0          0          0          0          0          0   entry7b.o
         0          0          0          0          0          0   entry8b.o
         8          4          0          0          0          0   entry9a.o
        12          6          0          4          0         68   errno.o
        30          0          0          0          0          0   handlers.o
        36          8          0          0          0         68   init.o
         0          0          0          0          0          0   iusefp.o
        32          0          0          0          0         68   llushr.o
        36          0          0          0          0         68   memcpya.o
        36          0          0          0          0        108   memseta.o
         8          0          0          0          0         68   siabs.o
        38          0          0          0          0         68   f2d.o

    ----------------------------------------------------------------------
       406         22          0          4          0        652   Library Totals
         2          0          0          0          0          0   (incl. Padding)

    ----------------------------------------------------------------------

      Code (inc. data)   RO Data    RW Data    ZI Data      Debug   Library Name

        58          0          0          0          0        136   m_wm.l
       308         22          0          4          0        448   mc_w.l
        38          0          0          0          0         68   mf_w.l

    ----------------------------------------------------------------------
       406         22          0          4          0        652   Library Totals

    ----------------------------------------------------------------------

==============================================================================


      Code (inc. data)   RO Data    RW Data    ZI Data      Debug   

     21928        900        384       1776       3816     680066   Grand Totals
     21928        900        384       1428       3816     680066   ELF Image Totals (compressed)
     21928        900        384       1428          0          0   ROM Totals

==============================================================================

    Total RO  Size (Code + RO Data)                22312 (  21.79kB)
    Total RW  Size (RW Data + ZI Data)              5592 (   5.46kB)
    Total ROM Size (Code + RO Data + RW Data)      23740 (  23.18kB)

==============================================================================

